Component: ARM Compiler 5.06 update 7 (build 960) Tool: armlink [4d3601]

==============================================================================

Section Cross References

    startup_stm32f103xb.o(STACK) refers (Special) to heapauxi.o(.text) for __use_two_region_memory
    startup_stm32f103xb.o(HEAP) refers (Special) to heapauxi.o(.text) for __use_two_region_memory
    startup_stm32f103xb.o(RESET) refers (Special) to heapauxi.o(.text) for __use_two_region_memory
    startup_stm32f103xb.o(RESET) refers to startup_stm32f103xb.o(STACK) for __initial_sp
    startup_stm32f103xb.o(RESET) refers to startup_stm32f103xb.o(.text) for Reset_Handler
    startup_stm32f103xb.o(RESET) refers to stm32f1xx_it.o(i.NMI_Handler) for NMI_Handler
    startup_stm32f103xb.o(RESET) refers to stm32f1xx_it.o(i.HardFault_Handler) for HardFault_Handler
    startup_stm32f103xb.o(RESET) refers to stm32f1xx_it.o(i.MemManage_Handler) for MemManage_Handler
    startup_stm32f103xb.o(RESET) refers to stm32f1xx_it.o(i.BusFault_Handler) for BusFault_Handler
    startup_stm32f103xb.o(RESET) refers to stm32f1xx_it.o(i.UsageFault_Handler) for UsageFault_Handler
    startup_stm32f103xb.o(RESET) refers to port.o(.emb_text) for SVC_Handler
    startup_stm32f103xb.o(RESET) refers to stm32f1xx_it.o(i.DebugMon_Handler) for DebugMon_Handler
    startup_stm32f103xb.o(RESET) refers to stm32f1xx_it.o(i.SysTick_Handler) for SysTick_Handler
    startup_stm32f103xb.o(.text) refers (Special) to heapauxi.o(.text) for __use_two_region_memory
    startup_stm32f103xb.o(.text) refers to system_stm32f1xx.o(i.SystemInit) for SystemInit
    startup_stm32f103xb.o(.text) refers to __main.o(!!!main) for __main
    startup_stm32f103xb.o(.text) refers to startup_stm32f103xb.o(HEAP) for Heap_Mem
    startup_stm32f103xb.o(.text) refers to startup_stm32f103xb.o(STACK) for Stack_Mem
    main.o(i.Error_Handler) refers to stm32f1xx_hal_gpio.o(i.HAL_GPIO_TogglePin) for HAL_GPIO_TogglePin
    main.o(i.SystemClock_Config) refers to rt_memclr_w.o(.text) for __aeabi_memclr4
    main.o(i.SystemClock_Config) refers to stm32f1xx_hal_rcc.o(i.HAL_RCC_OscConfig) for HAL_RCC_OscConfig
    main.o(i.SystemClock_Config) refers to stm32f1xx_hal_rcc.o(i.HAL_RCC_ClockConfig) for HAL_RCC_ClockConfig
    main.o(i.SystemClock_Config) refers to main.o(i.Error_Handler) for Error_Handler
    main.o(i.main) refers to stm32f1xx_hal.o(i.HAL_Init) for HAL_Init
    main.o(i.main) refers to main.o(i.SystemClock_Config) for SystemClock_Config
    main.o(i.main) refers to gpio.o(i.MX_GPIO_Init) for MX_GPIO_Init
    main.o(i.main) refers to usart.o(i.MX_USART1_UART_Init) for MX_USART1_UART_Init
    main.o(i.main) refers to i2c.o(i.MX_I2C1_Init) for MX_I2C1_Init
    main.o(i.main) refers to iwdg.o(i.MX_IWDG_Init) for MX_IWDG_Init
    main.o(i.main) refers to usart.o(i.MX_USART2_UART_Init) for MX_USART2_UART_Init
    main.o(i.main) refers to bsp_dwt.o(i.DWT_Init) for DWT_Init
    main.o(i.main) refers to bsp_dht11.o(i.DHT11_GPIO_Config) for DHT11_GPIO_Config
    main.o(i.main) refers to bsp_flash_param.o(i.AppConfig_Load) for AppConfig_Load
    main.o(i.main) refers to bsp_flash_param.o(i.AppConfig_SetDefault) for AppConfig_SetDefault
    main.o(i.main) refers to bsp_flash_param.o(i.AppConfig_Save) for AppConfig_Save
    main.o(i.main) refers to rt_memcpy_w.o(.text) for __aeabi_memcpy4
    main.o(i.main) refers to strlen.o(.text) for strlen
    main.o(i.main) refers to stm32f1xx_hal_uart.o(i.HAL_UART_Transmit) for HAL_UART_Transmit
    main.o(i.main) refers to bsp_i2c_oled.o(i.OLED_Init) for OLED_Init
    main.o(i.main) refers to bsp_i2c_oled.o(i.OLED_ShowString_F8X16) for OLED_ShowString_F8X16
    main.o(i.main) refers to freertos.o(i.MX_FREERTOS_Init) for MX_FREERTOS_Init
    main.o(i.main) refers to cmsis_os.o(i.osKernelStart) for osKernelStart
    main.o(i.main) refers to main.o(.bss) for .bss
    main.o(i.main) refers to usart.o(.bss) for huart1
    main.o(i.main) refers to main.o(.data) for .data
    gpio.o(i.MX_GPIO_Init) refers to stm32f1xx_hal_gpio.o(i.HAL_GPIO_WritePin) for HAL_GPIO_WritePin
    gpio.o(i.MX_GPIO_Init) refers to stm32f1xx_hal_gpio.o(i.HAL_GPIO_Init) for HAL_GPIO_Init
    freertos.o(i.AppConfig_GetSnapshot) refers to queue.o(i.xQueueSemaphoreTake) for xQueueSemaphoreTake
    freertos.o(i.AppConfig_GetSnapshot) refers to rt_memcpy_w.o(.text) for __aeabi_memcpy4
    freertos.o(i.AppConfig_GetSnapshot) refers to queue.o(i.xQueueGenericSend) for xQueueGenericSend
    freertos.o(i.AppConfig_GetSnapshot) refers to freertos.o(.data) for .data
    freertos.o(i.AppConfig_GetSnapshot) refers to main.o(.bss) for g_app_config
    freertos.o(i.Key_IsPressed) refers to stm32f1xx_hal_gpio.o(i.HAL_GPIO_ReadPin) for HAL_GPIO_ReadPin
    freertos.o(i.Key_IsPressed) refers to cmsis_os.o(i.osDelay) for osDelay
    freertos.o(i.MX_FREERTOS_Init) refers to queue.o(i.xQueueGenericCreate) for xQueueGenericCreate
    freertos.o(i.MX_FREERTOS_Init) refers to main.o(i.Error_Handler) for Error_Handler
[...]
    i.prvHeapInit                            0x080038e8   Section        0  heap_4.o(i.prvHeapInit)
    prvHeapInit                              0x080038e9   Thumb Code    66  heap_4.o(i.prvHeapInit)
    i.prvIdleTask                            0x08003934   Section        0  tasks.o(i.prvIdleTask)
    prvIdleTask                              0x08003935   Thumb Code    82  tasks.o(i.prvIdleTask)
    i.prvInitialiseMutex                     0x08003994   Section        0  queue.o(i.prvInitialiseMutex)
    prvInitialiseMutex                       0x08003995   Thumb Code    22  queue.o(i.prvInitialiseMutex)
    i.prvInitialiseNewQueue                  0x080039aa   Section        0  queue.o(i.prvInitialiseNewQueue)
    prvInitialiseNewQueue                    0x080039ab   Thumb Code    22  queue.o(i.prvInitialiseNewQueue)
    i.prvInitialiseNewTask                   0x080039c0   Section        0  tasks.o(i.prvInitialiseNewTask)
    prvInitialiseNewTask                     0x080039c1   Thumb Code   156  tasks.o(i.prvInitialiseNewTask)
    i.prvInsertBlockIntoFreeList             0x08003a90   Section        0  heap_4.o(i.prvInsertBlockIntoFreeList)
    prvInsertBlockIntoFreeList               0x08003a91   Thumb Code    72  heap_4.o(i.prvInsertBlockIntoFreeList)
    i.prvIsQueueEmpty                        0x08003adc   Section        0  queue.o(i.prvIsQueueEmpty)
    prvIsQueueEmpty                          0x08003add   Thumb Code    28  queue.o(i.prvIsQueueEmpty)
    i.prvResetNextTaskUnblockTime            0x08003af8   Section        0  tasks.o(i.prvResetNextTaskUnblockTime)
    prvResetNextTaskUnblockTime              0x08003af9   Thumb Code    26  tasks.o(i.prvResetNextTaskUnblockTime)
    i.prvTaskExitError                       0x08003b18   Section        0  port.o(i.prvTaskExitError)
    prvTaskExitError                         0x08003b19   Thumb Code    32  port.o(i.prvTaskExitError)
    i.prvTestWaitCondition                   0x08003b40   Section        0  event_groups.o(i.prvTestWaitCondition)
    prvTestWaitCondition                     0x08003b41   Thumb Code    20  event_groups.o(i.prvTestWaitCondition)
    i.prvUnlockQueue                         0x08003b54   Section        0  queue.o(i.prvUnlockQueue)
    prvUnlockQueue                           0x08003b55   Thumb Code   106  queue.o(i.prvUnlockQueue)
    i.pvPortMalloc                           0x08003bc0   Section        0  heap_4.o(i.pvPortMalloc)
    i.pvTaskIncrementMutexHeldCount          0x08003ca0   Section        0  tasks.o(i.pvTaskIncrementMutexHeldCount)
    i.pxPortInitialiseStack                  0x08003cb8   Section        0  port.o(i.pxPortInitialiseStack)
    i.uxListRemove                           0x08003cdc   Section        0  list.o(i.uxListRemove)
    i.uxTaskResetEventItemValue              0x08003d04   Section        0  tasks.o(i.uxTaskResetEventItemValue)
    i.vApplicationGetIdleTaskMemory          0x08003d1c   Section        0  freertos.o(i.vApplicationGetIdleTaskMemory)
    i.vAssertCalled                          0x08003d30   Section        0  freertos.o(i.vAssertCalled)
    i.vListInitialise                        0x08003d78   Section        0  list.o(i.vListInitialise)
    i.vListInitialiseItem                    0x08003d8e   Section        0  list.o(i.vListInitialiseItem)
    i.vListInsert                            0x08003d94   Section        0  list.o(i.vListInsert)
    i.vListInsertEnd                         0x08003dc4   Section        0  list.o(i.vListInsertEnd)
    i.vPortEnterCritical                     0x08003ddc   Section        0  port.o(i.vPortEnterCritical)
    i.vPortExitCritical                      0x08003e18   Section        0  port.o(i.vPortExitCritical)
    i.vPortFree                              0x08003e40   Section        0  heap_4.o(i.vPortFree)
    i.vPortSetupTimerInterrupt               0x08003ea8   Section        0  port.o(i.vPortSetupTimerInterrupt)
    i.vTaskDelay                             0x08003ecc   Section        0  tasks.o(i.vTaskDelay)
    i.vTaskInternalSetTimeOutState           0x08003f44   Section        0  tasks.o(i.vTaskInternalSetTimeOutState)
    i.vTaskMissedYield                       0x08003f54   Section        0  tasks.o(i.vTaskMissedYield)
    i.vTaskPlaceOnEventList                  0x08003f60   Section        0  tasks.o(i.vTaskPlaceOnEventList)
    i.vTaskPlaceOnUnorderedEventList         0x08003fc4   Section        0  tasks.o(i.vTaskPlaceOnUnorderedEventList)
    i.vTaskPriorityDisinheritAfterTimeout    0x08004040   Section        0  tasks.o(i.vTaskPriorityDisinheritAfterTimeout)
    i.vTaskRemoveFromUnorderedEventList      0x08004110   Section        0  tasks.o(i.vTaskRemoveFromUnorderedEventList)
    i.vTaskStartScheduler                    0x080041b0   Section        0  tasks.o(i.vTaskStartScheduler)
    i.vTaskSuspendAll                        0x0800421c   Section        0  tasks.o(i.vTaskSuspendAll)
    i.vTaskSwitchContext                     0x0800422c   Section        0  tasks.o(i.vTaskSwitchContext)
    i.xEventGroupClearBits                   0x080042b8   Section        0  event_groups.o(i.xEventGroupClearBits)
    i.xEventGroupCreate                      0x08004328   Section        0  event_groups.o(i.xEventGroupCreate)
    i.xEventGroupSetBits                     0x08004344   Section        0  event_groups.o(i.xEventGroupSetBits)
    i.xEventGroupWaitBits                    0x08004400   Section        0  event_groups.o(i.xEventGroupWaitBits)
    i.xPortStartScheduler                    0x0800452c   Section        0  port.o(i.xPortStartScheduler)
    i.xPortSysTickHandler                    0x080045d0   Section        0  port.o(i.xPortSysTickHandler)
    i.xQueueCreateMutex                      0x080045fc   Section        0  queue.o(i.xQueueCreateMutex)
    i.xQueueGenericCreate                    0x08004614   Section        0  queue.o(i.xQueueGenericCreate)
    i.xQueueGenericReset                     0x08004684   Section        0  queue.o(i.xQueueGenericReset)
    i.xQueueGenericSend                      0x0800473c   Section        0  queue.o(i.xQueueGenericSend)
    i.xQueueReceive                          0x080048b8   Section        0  queue.o(i.xQueueReceive)
    i.xQueueSemaphoreTake                    0x08004a10   Section        0  queue.o(i.xQueueSemaphoreTake)
    i.xTaskCheckForTimeOut                   0x08004ba8   Section        0  tasks.o(i.xTaskCheckForTimeOut)
    i.xTaskCreate                            0x08004c44   Section        0  tasks.o(i.xTaskCreate)
    i.xTaskCreateStatic                      0x08004ca0   Section        0  tasks.o(i.xTaskCreateStatic)
    i.xTaskGetSchedulerState                 0x08004d3c   Section        0  tasks.o(i.xTaskGetSchedulerState)
    i.xTaskIncrementTick                     0x08004d58   Section        0  tasks.o(i.xTaskIncrementTick)
    i.xTaskPriorityDisinherit                0x08004e50   Section        0  tasks.o(i.xTaskPriorityDisinherit)
    i.xTaskPriorityInherit                   0x08004f10   Section        0  tasks.o(i.xTaskPriorityInherit)
    i.xTaskRemoveFromEventList               0x08004f9c   Section        0  tasks.o(i.xTaskRemoveFromEventList)
    i.xTaskResumeAll                         0x08005040   Section        0  tasks.o(i.xTaskResumeAll)
    .constdata                               0x08005134   Section      224  freertos.o(.constdata)
    .constdata                               0x08005214   Section       18  stm32f1xx_hal_rcc.o(.constdata)
    aPredivFactorTable                       0x08005214   Data           2  stm32f1xx_hal_rcc.o(.constdata)
    aPLLMULFactorTable                       0x08005216   Data          16  stm32f1xx_hal_rcc.o(.constdata)
    .constdata                               0x08005226   Section       16  system_stm32f1xx.o(.constdata)
    .constdata                               0x08005236   Section        8  system_stm32f1xx.o(.constdata)
    .constdata                               0x0800523e   Section        2  bsp_i2c_oled.o(.constdata)
    oled_addr_candidates                     0x0800523e   Data           2  bsp_i2c_oled.o(.constdata)
    .constdata                               0x08005240   Section      570  bsp_fonts.o(.constdata)
    .constdata                               0x0800547a   Section     1520  bsp_fonts.o(.constdata)
    .conststring                             0x08005a6c   Section      160  freertos.o(.conststring)
    .conststring                             0x08005b0c   Section       69  heap_4.o(.conststring)
    .conststring                             0x08005b54   Section       72  port.o(.conststring)
    .data                                    0x20000000   Section        1  main.o(.data)
    .data                                    0x20000004   Section       64  freertos.o(.data)
    .data                                    0x20000044   Section       12  stm32f1xx_hal.o(.data)
    .data                                    0x20000050   Section        4  system_stm32f1xx.o(.data)
    .data                                    0x20000054   Section        1  bsp_i2c_oled.o(.data)
    s_oled_addr                              0x20000054   Data           1  bsp_i2c_oled.o(.data)
    .data                                    0x20000055   Section        1  bsp_dwt.o(.data)
    s_dwt_ready                              0x20000055   Data           1  bsp_dwt.o(.data)
    .data                                    0x20000058   Section       60  tasks.o(.data)
    uxDeletedTasksWaitingCleanUp             0x2000005c   Data           4  tasks.o(.data)
    uxCurrentNumberOfTasks                   0x20000060   Data           4  tasks.o(.data)
    xTickCount                               0x20000064   Data           4  tasks.o(.data)
    uxTopReadyPriority                       0x20000068   Data           4  tasks.o(.data)
    xSchedulerRunning                        0x2000006c   Data           4  tasks.o(.data)
    xPendedTicks                             0x20000070   Data           4  tasks.o(.data)
    xYieldPending                            0x20000074   Data           4  tasks.o(.data)
    xNumOfOverflows                          0x20000078   Data           4  tasks.o(.data)
    uxTaskNumber                             0x2000007c   Data           4  tasks.o(.data)
    xNextTaskUnblockTime                     0x20000080   Data           4  tasks.o(.data)
    xIdleTaskHandle                          0x20000084   Data           4  tasks.o(.data)
    uxSchedulerSuspended                     0x20000088   Data           4  tasks.o(.data)
    pxDelayedTaskList                        0x2000008c   Data           4  tasks.o(.data)
    pxOverflowDelayedTaskList                0x20000090   Data           4  tasks.o(.data)
    .data                                    0x20000094   Section       32  heap_4.o(.data)
    pxEnd                                    0x20000094   Data           4  heap_4.o(.data)
    xFreeBytesRemaining                      0x20000098   Data           4  heap_4.o(.data)
    xMinimumEverFreeBytesRemaining           0x2000009c   Data           4  heap_4.o(.data)
    xNumberOfSuccessfulAllocations           0x200000a0   Data           4  heap_4.o(.data)
    xNumberOfSuccessfulFrees                 0x200000a4   Data           4  heap_4.o(.data)
    xBlockAllocatedBit                       0x200000a8   Data           4  heap_4.o(.data)
    xStart                                   0x200000ac   Data           8  heap_4.o(.data)
    .data                                    0x200000b4   Section       12  port.o(.data)
    ucMaxSysCallPriority                     0x200000b4   Data           1  port.o(.data)
    uxCriticalNesting                        0x200000b8   Data           4  port.o(.data)
    ulMaxPRIGROUPValue                       0x200000bc   Data           4  port.o(.data)
    .bss                                     0x200000c0   Section       28  main.o(.bss)
    .bss                                     0x200000dc   Section      616  freertos.o(.bss)
    xIdleTaskTCBBuffer                       0x200000f0   Data          84  freertos.o(.bss)
    xIdleStack                               0x20000144   Data         512  freertos.o(.bss)
    .bss                                     0x20000344   Section       84  freertos.o(.bss)
    wifiTaskControlBlock                     0x20000344   Data          84  freertos.o(.bss)
    .bss                                     0x20000398   Section     1024  freertos.o(.bss)
    wifiTaskStack                            0x20000398   Data        1024  freertos.o(.bss)
    .bss                                     0x20000798   Section       84  freertos.o(.bss)
    espTaskControlBlock                      0x20000798   Data          84  freertos.o(.bss)
    .bss                                     0x200007ec   Section     1024  freertos.o(.bss)
    espTaskStack                             0x200007ec   Data        1024  freertos.o(.bss)
    .bss                                     0x20000bec   Section       84  freertos.o(.bss)
    keyTaskControlBlock                      0x20000bec   Data          84  freertos.o(.bss)
    .bss                                     0x20000c40   Section     1024  freertos.o(.bss)
    keyTaskStack                             0x20000c40   Data        1024  freertos.o(.bss)
    .bss                                     0x20001040   Section       84  freertos.o(.bss)
    monitorTaskControlBlock                  0x20001040   Data          84  freertos.o(.bss)
    .bss                                     0x20001094   Section     1024  freertos.o(.bss)
    monitorTaskStack                         0x20001094   Data        1024  freertos.o(.bss)
    .bss                                     0x20001494   Section       84  freertos.o(.bss)
    watchdogTaskControlBlock                 0x20001494   Data          84  freertos.o(.bss)
    .bss                                     0x200014e8   Section     1024  freertos.o(.bss)
    watchdogTaskStack                        0x200014e8   Data        1024  freertos.o(.bss)
    .bss                                     0x200018e8   Section       84  i2c.o(.bss)
    .bss                                     0x2000193c   Section       12  iwdg.o(.bss)
    .bss                                     0x20001948   Section      144  usart.o(.bss)
    .bss                                     0x200019d8   Section       32  stm32f1xx_hal_flash.o(.bss)
    .bss                                     0x200019f8   Section      256  bsp_esp8266.o(.bss)
    esp_rx_buf                               0x200019f8   Data         256  bsp_esp8266.o(.bss)
    .bss                                     0x20001af8   Section      240  tasks.o(.bss)
    pxReadyTasksLists                        0x20001af8   Data         140  tasks.o(.bss)
    xDelayedTaskList1                        0x20001b84   Data          20  tasks.o(.bss)
    xDelayedTaskList2                        0x20001b98   Data          20  tasks.o(.bss)
    xPendingReadyList                        0x20001bac   Data          20  tasks.o(.bss)
    xTasksWaitingTermination                 0x20001bc0   Data          20  tasks.o(.bss)
    xSuspendedTaskList                       0x20001bd4   Data          20  tasks.o(.bss)
    .bss                                     0x20001be8   Section     3072  heap_4.o(.bss)
    ucHeap                                   0x20001be8   Data        3072  heap_4.o(.bss)
    .bss                                     0x200027e8   Section       96  libspace.o(.bss)
    HEAP                                     0x20002848   Section      512  startup_stm32f103xb.o(HEAP)
    Heap_Mem                                 0x20002848   Data         512  startup_stm32f103xb.o(HEAP)
    STACK                                    0x20002a48   Section     1024  startup_stm32f103xb.o(STACK)
    Stack_Mem                                0x20002a48   Data        1024  startup_stm32f103xb.o(STACK)
    __initial_sp                             0x20002e48   Data           0  startup_stm32f103xb.o(STACK)

    Global Symbols

    Symbol Name                              Value     Ov Type        Size  Object(Section)

    BuildAttributes$$THM_ISAv4$P$D$K$B$S$PE$A:L22UL41UL21$X:L11$S22US41US21$IEEE1$IW$USESV6$~STKCKD$USESV7$~SHL$OSPACE$ROPI$EBA8$UX$STANDARDLIB$REQ8$PRES8$EABIv2 0x00000000   Number         0  anon$$obj.o ABSOLUTE
    __ARM_use_no_argv                        0x00000000   Number         0  main.o ABSOLUTE
    _printf_flags                            0x00000000   Number         0  printf_stubs.o ABSOLUTE
    _printf_return_value                     0x00000000   Number         0  printf_stubs.o ABSOLUTE
    _printf_sizespec                         0x00000000   Number         0  printf_stubs.o ABSOLUTE
    _printf_widthprec                        0x00000000   Number         0  printf_stubs.o ABSOLUTE
    __ARM_exceptions_init                     - Undefined Weak Reference
    __alloca_initialize                       - Undefined Weak Reference
    __arm_fini_                               - Undefined Weak Reference
    __arm_preinit_                            - Undefined Weak Reference
    __cpp_initialize__aeabi_                  - Undefined Weak Reference
    __cxa_finalize                            - Undefined Weak Reference
    __rt_locale                               - Undefined Weak Reference
    __sigvec_lookup                           - Undefined Weak Reference
    _atexit_init                              - Undefined Weak Reference
    _call_atexit_fns                          - Undefined Weak Reference
    _clock_init                               - Undefined Weak Reference
    _fp_trap_init                             - Undefined Weak Reference
    _fp_trap_shutdown                         - Undefined Weak Reference
    _get_lc_collate                           - Undefined Weak Reference
    _get_lc_ctype                             - Undefined Weak Reference
    _get_lc_monetary                          - Undefined Weak Reference
    _get_lc_numeric                           - Undefined Weak Reference
    _get_lc_time                              - Undefined Weak Reference
    _getenv_init                              - Undefined Weak Reference
    _handle_redirection                       - Undefined Weak Reference
    _init_alloc                               - Undefined Weak Reference
    _init_user_alloc                          - Undefined Weak Reference
    _initio                                   - Undefined Weak Reference
    _printf_mbtowc                            - Undefined Weak Reference
    _printf_post_padding                      - Undefined Weak Reference
    _printf_pre_padding                       - Undefined Weak Reference
    _printf_truncate_signed                   - Undefined Weak Reference
    _printf_truncate_unsigned                 - Undefined Weak Reference
    _rand_init                                - Undefined Weak Reference
    _signal_finish                            - Undefined Weak Reference
    _signal_init                              - Undefined Weak Reference
    _terminate_alloc                          - Undefined Weak Reference
    _terminate_user_alloc                     - Undefined Weak Reference
    _terminateio                              - Undefined Weak Reference
    __Vectors_Size                           0x000000ec   Number         0  startup_stm32f103xb.o ABSOLUTE
    __Vectors                                0x08000000   Data           4  startup_stm32f103xb.o(RESET)
    __Vectors_End                            0x080000ec   Data           0  startup_stm32f103xb.o(RESET)
    __main                                   0x080000ed   Thumb Code     8  __main.o(!!!main)
    __scatterload                            0x080000f5   Thumb Code     0  __scatter.o(!!!scatter)
    __scatterload_rt2                        0x080000f5   Thumb Code    44  __scatter.o(!!!scatter)
    __scatterload_rt2_thumb_only             0x080000f5   Thumb Code     0  __scatter.o(!!!scatter)
    __scatterload_null                       0x08000103   Thumb Code     0  __scatter.o(!!!scatter)
    __scatterload_copy                       0x08000129   Thumb Code    26  __scatter_copy.o(!!handler_copy)
    __scatterload_zeroinit                   0x08000145   Thumb Code    28  __scatter_zi.o(!!handler_zi)
    _printf_d                                0x08000161   Thumb Code     0  _printf_d.o(.ARM.Collect$$_printf_percent$$00000009)
    _printf_percent                          0x08000161   Thumb Code     0  _printf_percent.o(.ARM.Collect$$_printf_percent$$00000000)
    _printf_u                                0x08000167   Thumb Code     0  _printf_u.o(.ARM.Collect$$_printf_percent$$0000000A)
    _printf_s                                0x0800016d   Thumb Code     0  _printf_s.o(.ARM.Collect$$_printf_percent$$00000014)
    _printf_percent_end                      0x08000173   Thumb Code     0  _printf_percent_end.o(.ARM.Collect$$_printf_percent$$00000017)
    __rt_lib_init                            0x08000177   Thumb Code     0  libinit.o(.ARM.Collect$$libinit$$00000000)
    __rt_lib_init_alloca_1                   0x08000179   Thumb Code     0  libinit2.o(.ARM.Collect$$libinit$$0000002E)
    __rt_lib_init_argv_1                     0x08000179   Thumb Code     0  libinit2.o(.ARM.Collect$$libinit$$0000002C)
    __rt_lib_init_atexit_1                   0x08000179   Thumb Code     0  libinit2.o(.ARM.Collect$$libinit$$0000001B)
    __rt_lib_init_clock_1                    0x08000179   Thumb Code     0  libinit2.o(.ARM.Collect$$libinit$$00000021)
    __rt_lib_init_cpp_1                      0x08000179   Thumb Code     0  libinit2.o(.ARM.Collect$$libinit$$00000032)
    __rt_lib_init_exceptions_1               0x08000179   Thumb Code     0  libinit2.o(.ARM.Collect$$libinit$$00000030)
    __rt_lib_init_fp_1                       0x08000179   Thumb Code     0  libinit2.o(.ARM.Collect$$libinit$$00000002)
    __rt_lib_init_fp_trap_1                  0x08000179   Thumb Code     0  libinit2.o(.ARM.Collect$$libinit$$0000001F)
    __rt_lib_init_getenv_1                   0x08000179   Thumb Code     0  libinit2.o(.ARM.Collect$$libinit$$00000023)
    __rt_lib_init_heap_1                     0x08000179   Thumb Code     0  libinit2.o(.ARM.Collect$$libinit$$0000000A)
    __rt_lib_init_lc_collate_1               0x08000179   Thumb Code     0  libinit2.o(.ARM.Collect$$libinit$$00000011)
    __rt_lib_init_lc_ctype_1                 0x08000179   Thumb Code     0  libinit2.o(.ARM.Collect$$libinit$$00000013)
    __rt_lib_init_lc_monetary_1              0x08000179   Thumb Code     0  libinit2.o(.ARM.Collect$$libinit$$00000015)
    __rt_lib_init_lc_numeric_1               0x08000179   Thumb Code     0  libinit2.o(.ARM.Collect$$libinit$$00000017)
    __rt_lib_init_lc_time_1                  0x08000179   Thumb Code     0  libinit2.o(.ARM.Collect$$libinit$$00000019)
    __rt_lib_init_preinit_1                  0x08000179   Thumb Code     0  libinit2.o(.ARM.Collect$$libinit$$00000004)
    __rt_lib_init_rand_1                     0x08000179   Thumb Code     0  libinit2.o(.ARM.Collect$$libinit$$0000000E)
    __rt_lib_init_return                     0x08000179   Thumb Code     0  libinit2.o(.ARM.Collect$$libinit$$00000033)
    __rt_lib_init_signal_1                   0x08000179   Thumb Code     0  libinit2.o(.ARM.Collect$$libinit$$0000001D)
    __rt_lib_init_stdio_1                    0x08000179   Thumb Code     0  libinit2.o(.ARM.Collect$$libinit$$00000025)
    __rt_lib_init_user_alloc_1               0x08000179   Thumb Code     0  libinit2.o(.ARM.Collect$$libinit$$0000000C)
    __rt_lib_shutdown                        0x0800017b   Thumb Code     0  libshutdown.o(.ARM.Collect$$libshutdown$$00000000)
    __rt_lib_shutdown_cpp_1                  0x0800017d   Thumb Code     0  libshutdown2.o(.ARM.Collect$$libshutdown$$00000004)
    __rt_lib_shutdown_fini_1                 0x0800017d   Thumb Code     0  libshutdown2.o(.ARM.Collect$$libshutdown$$00000002)
    __rt_lib_shutdown_fp_trap_1              0x0800017d   Thumb Code     0  libshutdown2.o(.ARM.Collect$$libshutdown$$00000009)
    __rt_lib_shutdown_heap_1                 0x0800017d   Thumb Code     0  libshutdown2.o(.ARM.Collect$$libshutdown$$00000011)
    __rt_lib_shutdown_return                 0x0800017d   Thumb Code     0  libshutdown2.o(.ARM.Collect$$libshutdown$$00000012)
    __rt_lib_shutdown_signal_1               0x0800017d   Thumb Code     0  libshutdown2.o(.ARM.Collect$$libshutdown$$0000000C)
    __rt_lib_shutdown_stdio_1                0x0800017d   Thumb Code     0  libshutdown2.o(.ARM.Collect$$libshutdown$$00000006)
    __rt_lib_shutdown_user_alloc_1           0x0800017d   Thumb Code     0  libshutdown2.o(.ARM.Collect$$libshutdown$$0000000E)
    __rt_entry                               0x0800017f   Thumb Code     0  __rtentry.o(.ARM.Collect$$rtentry$$00000000)
    __rt_entry_presh_1                       0x0800017f   Thumb Code     0  __rtentry2.o(.ARM.Collect$$rtentry$$00000002)
    __rt_entry_sh                            0x0800017f   Thumb Code     0  __rtentry4.o(.ARM.Collect$$rtentry$$00000004)
    __rt_entry_li                            0x08000185   Thumb Code     0  __rtentry2.o(.ARM.Collect$$rtentry$$0000000A)
    __rt_entry_postsh_1                      0x08000185   Thumb Code     0  __rtentry2.o(.ARM.Collect$$rtentry$$00000009)
    __rt_entry_main                          0x08000189   Thumb Code     0  __rtentry2.o(.ARM.Collect$$rtentry$$0000000D)
    __rt_entry_postli_1                      0x08000189   Thumb Code     0  __rtentry2.o(.ARM.Collect$$rtentry$$0000000C)
    __rt_exit                                0x08000191   Thumb Code     0  rtexit.o(.ARM.Collect$$rtexit$$00000000)
    __rt_exit_ls                             0x08000193   Thumb Code     0  rtexit2.o(.ARM.Collect$$rtexit$$00000003)
    __rt_exit_prels_1                        0x08000193   Thumb Code     0  rtexit2.o(.ARM.Collect$$rtexit$$00000002)
    __rt_exit_exit                           0x08000197   Thumb Code     0  rtexit2.o(.ARM.Collect$$rtexit$$00000004)
    SVC_Handler                              0x0800019d   Thumb Code    32  port.o(.emb_text)
    __asm___6_port_c_39a90d8d__prvStartFirstTask 0x080001c1   Thumb Code    28  port.o(.emb_text)
    PendSV_Handler                           0x080001e1   Thumb Code    72  port.o(.emb_text)
    vPortGetIPSR                             0x0800022d   Thumb Code     6  port.o(.emb_text)
    Reset_Handler                            0x08000235   Thumb Code     8  startup_stm32f103xb.o(.text)
    ADC1_2_IRQHandler                        0x0800024f   Thumb Code     0  startup_stm32f103xb.o(.text)
    CAN1_RX1_IRQHandler                      0x0800024f   Thumb Code     0  startup_stm32f103xb.o(.text)
    CAN1_SCE_IRQHandler                      0x0800024f   Thumb Code     0  startup_stm32f103xb.o(.text)
    DMA1_Channel1_IRQHandler                 0x0800024f   Thumb Code     0  startup_stm32f103xb.o(.text)
    DMA1_Channel2_IRQHandler                 0x0800024f   Thumb Code     0  startup_stm32f103xb.o(.text)
    DMA1_Channel3_IRQHandler                 0x0800024f   Thumb Code     0  startup_stm32f103xb.o(.text)
    DMA1_Channel4_IRQHandler                 0x0800024f   Thumb Code     0  startup_stm32f103xb.o(.text)
    DMA1_Channel5_IRQHandler                 0x0800024f   Thumb Code     0  startup_stm32f103xb.o(.text)
    DMA1_Channel6_IRQHandler                 0x0800024f   Thumb Code     0  startup_stm32f103xb.o(.text)
    DMA1_Channel7_IRQHandler                 0x0800024f   Thumb Code     0  startup_stm32f103xb.o(.text)
    EXTI0_IRQHandler                         0x0800024f   Thumb Code     0  startup_stm32f103xb.o(.text)
    EXTI15_10_IRQHandler                     0x0800024f   Thumb Code     0  startup_stm32f103xb.o(.text)
    EXTI1_IRQHandler                         0x0800024f   Thumb Code     0  startup_stm32f103xb.o(.text)
    EXTI2_IRQHandler                         0x0800024f   Thumb Code     0  startup_stm32f103xb.o(.text)
    EXTI3_IRQHandler                         0x0800024f   Thumb Code     0  startup_stm32f103xb.o(.text)
    EXTI4_IRQHandler                         0x0800024f   Thumb Code     0  startup_stm32f103xb.o(.text)
    EXTI9_5_IRQHandler                       0x0800024f   Thumb Code     0  startup_stm32f103xb.o(.text)
    FLASH_IRQHandler                         0x0800024f   Thumb Code     0  startup_stm32f103xb.o(.text)
    I2C1_ER_IRQHandler                       0x0800024f   Thumb Code     0  startup_stm32f103xb.o(.text)
    I2C1_EV_IRQHandler                       0x0800024f   Thumb Code     0  startup_stm32f103xb.o(.text)
    I2C2_ER_IRQHandler                       0x0800024f   Thumb Code     0  startup_stm32f103xb.o(.text)
    I2C2_EV_IRQHandler                       0x0800024f   Thumb Code     0  startup_stm32f103xb.o(.text)
    PVD_IRQHandler                           0x0800024f   Thumb Code     0  startup_stm32f103xb.o(.text)
    RCC_IRQHandler                           0x0800024f   Thumb Code     0  startup_stm32f103xb.o(.text)
    RTC_Alarm_IRQHandler                     0x0800024f   Thumb Code     0  startup_stm32f103xb.o(.text)
    RTC_IRQHandler                           0x0800024f   Thumb Code     0  startup_stm32f103xb.o(.text)
    SPI1_IRQHandler                          0x0800024f   Thumb Code     0  startup_stm32f103xb.o(.text)
    SPI2_IRQHandler                          0x0800024f   Thumb Code     0  startup_stm32f103xb.o(.text)
    TAMPER_IRQHandler                        0x0800024f   Thumb Code     0  startup_stm32f103xb.o(.text)
    TIM1_BRK_IRQHandler                      0x0800024f   Thumb Code     0  startup_stm32f103xb.o(.text)
    TIM1_CC_IRQHandler                       0x0800024f   Thumb Code     0  startup_stm32f103xb.o(.text)
    TIM1_TRG_COM_IRQHandler                  0x0800024f   Thumb Code     0  startup_stm32f103xb.o(.text)
    TIM1_UP_IRQHandler                       0x0800024f   Thumb Code     0  startup_stm32f103xb.o(.text)
    TIM2_IRQHandler                          0x0800024f   Thumb Code     0  startup_stm32f103xb.o(.text)
    TIM3_IRQHandler                          0x0800024f   Thumb Code     0  startup_stm32f103xb.o(.text)
    TIM4_IRQHandler                          0x0800024f   Thumb Code     0  startup_stm32f103xb.o(.text)
    USART1_IRQHandler                        0x0800024f   Thumb Code     0  startup_stm32f103xb.o(.text)
    USART2_IRQHandler                        0x0800024f   Thumb Code     0  startup_stm32f103xb.o(.text)
    USART3_IRQHandler                        0x0800024f   Thumb Code     0  startup_stm32f103xb.o(.text)
    USBWakeUp_IRQHandler                     0x0800024f   Thumb Code     0  startup_stm32f103xb.o(.text)
    USB_HP_CAN1_TX_IRQHandler                0x0800024f   Thumb Code     0  startup_stm32f103xb.o(.text)
    USB_LP_CAN1_RX0_IRQHandler               0x0800024f   Thumb Code     0  startup_stm32f103xb.o(.text)
    WWDG_IRQHandler                          0x0800024f   Thumb Code     0  startup_stm32f103xb.o(.text)
    __user_initial_stackheap                 0x08000251   Thumb Code     0  startup_stm32f103xb.o(.text)
    __aeabi_llsr                             0x08000275   Thumb Code     0  llushr.o(.text)
    _ll_ushift_r                             0x08000275   Thumb Code    38  llushr.o(.text)
    __2sprintf                               0x0800029d   Thumb Code    38  __2sprintf.o(.text)
    __2snprintf                              0x080002c9   Thumb Code    50  __2snprintf.o(.text)
    _printf_str                              0x08000301   Thumb Code    82  _printf_str.o(.text)
    _printf_int_dec                          0x08000355   Thumb Code   104  _printf_dec.o(.text)
    __printf                                 0x080003cd   Thumb Code   184  __printf_ss.o(.text)
    strstr                                   0x08000485   Thumb Code    36  strstr.o(.text)
    strlen                                   0x080004a9   Thumb Code    62  strlen.o(.text)
    __aeabi_memcpy                           0x080004e7   Thumb Code     0  rt_memcpy_v6.o(.text)
    __rt_memcpy                              0x080004e7   Thumb Code   138  rt_memcpy_v6.o(.text)
    _memcpy_lastbytes                        0x0800054d   Thumb Code     0  rt_memcpy_v6.o(.text)
    __aeabi_memcpy4                          0x08000571   Thumb Code     0  rt_memcpy_w.o(.text)
    __aeabi_memcpy8                          0x08000571   Thumb Code     0  rt_memcpy_w.o(.text)
    __rt_memcpy_w                            0x08000571   Thumb Code   100  rt_memcpy_w.o(.text)
    _memcpy_lastbytes_aligned                0x080005b9   Thumb Code     0  rt_memcpy_w.o(.text)
    __aeabi_memset                           0x080005d5   Thumb Code    16  aeabi_memset.o(.text)
    __aeabi_memclr                           0x080005e5   Thumb Code     0  rt_memclr.o(.text)
    __rt_memclr                              0x080005e5   Thumb Code    68  rt_memclr.o(.text)
    _memset                                  0x080005e9   Thumb Code     0  rt_memclr.o(.text)
    __aeabi_memclr4                          0x08000629   Thumb Code     0  rt_memclr_w.o(.text)
    __aeabi_memclr8                          0x08000629   Thumb Code     0  rt_memclr_w.o(.text)
    __rt_memclr_w                            0x08000629   Thumb Code    78  rt_memclr_w.o(.text)
    _memset_w                                0x0800062d   Thumb Code     0  rt_memclr_w.o(.text)
    __use_two_region_memory                  0x08000677   Thumb Code     2  heapauxi.o(.text)
    __rt_heap_escrow$2region                 0x08000679   Thumb Code     2  heapauxi.o(.text)
    __rt_heap_expand$2region                 0x0800067b   Thumb Code     2  heapauxi.o(.text)
    _printf_int_common                       0x0800067d   Thumb Code   178  _printf_intcommon.o(.text)
    _printf_char_common                      0x0800073b   Thumb Code    32  _printf_char_common.o(.text)
    _sputc                                   0x08000761   Thumb Code    10  _sputc.o(.text)
    _snputc                                  0x0800076b   Thumb Code    16  _snputc.o(.text)
    _printf_cs_common                        0x0800077b   Thumb Code    20  _printf_char.o(.text)
    _printf_char                             0x0800078f   Thumb Code    16  _printf_char.o(.text)
    _printf_string                           0x0800079f   Thumb Code     8  _printf_char.o(.text)
    __user_setup_stackheap                   0x080007a7   Thumb Code    74  sys_stackheap_outer.o(.text)
    exit                                     0x080007f1   Thumb Code    18  exit.o(.text)
    __user_libspace                          0x08000805   Thumb Code     8  libspace.o(.text)
    __user_perproc_libspace                  0x08000805   Thumb Code     0  libspace.o(.text)
    __user_perthread_libspace                0x08000805   Thumb Code     0  libspace.o(.text)
    _sys_exit                                0x0800080d   Thumb Code     8  sys_exit.o(.text)
    __I$use$semihosting                      0x08000819   Thumb Code     0  use_no_semi.o(.text)
    __use_no_semihosting_swi                 0x08000819   Thumb Code     2  use_no_semi.o(.text)
    AppConfig_CalcChecksum                   0x0800081b   Thumb Code    22  bsp_flash_param.o(i.AppConfig_CalcChecksum)
    __semihosting_library_function           0x0800081b   Thumb Code     0  indicate_semi.o(.text)
    AppConfig_Load                           0x08000879   Thumb Code    62  bsp_flash_param.o(i.AppConfig_Load)
    AppConfig_Save                           0x080008c1   Thumb Code   110  bsp_flash_param.o(i.AppConfig_Save)
    AppConfig_SetDefault                     0x08000939   Thumb Code    40  bsp_flash_param.o(i.AppConfig_SetDefault)
    BusFault_Handler                         0x08000965   Thumb Code     2  stm32f1xx_it.o(i.BusFault_Handler)
    DHT11_GPIO_Config                        0x08000969   Thumb Code    64  bsp_dht11.o(i.DHT11_GPIO_Config)
    DHT11_ReadData                           0x08000a19   Thumb Code   160  bsp_dht11.o(i.DHT11_ReadData)
    DHT11_SetGPIOMode                        0x08000abd   Thumb Code    26  bsp_dht11.o(i.DHT11_SetGPIOMode)
    DWT_DelayMs                              0x08000b11   Thumb Code    26  bsp_dwt.o(i.DWT_DelayMs)
    DWT_DelayUs                              0x08000b2d   Thumb Code    50  bsp_dwt.o(i.DWT_DelayUs)
    DWT_Init                                 0x08000b75   Thumb Code    60  bsp_dwt.o(i.DWT_Init)
    DebugMon_Handler                         0x08000bbd   Thumb Code     2  stm32f1xx_it.o(i.DebugMon_Handler)
    ESP8266_BasicInit                        0x08000bc1   Thumb Code    22  bsp_esp8266.o(i.ESP8266_BasicInit)
    ESP8266_ConnectWiFi                      0x08000be5   Thumb Code    60  bsp_esp8266.o(i.ESP8266_ConnectWiFi)
    ESP8266_SendCmd                          0x08000c55   Thumb Code   126  bsp_esp8266.o(i.ESP8266_SendCmd)
    ESP8266_TCPConnect                       0x08000cdd   Thumb Code    54  bsp_esp8266.o(i.ESP8266_TCPConnect)
    ESP8266_TCPSend                          0x08000d51   Thumb Code    66  bsp_esp8266.o(i.ESP8266_TCPSend)
    Error_Handler                            0x08000db9   Thumb Code    48  main.o(i.Error_Handler)
    FLASH_PageErase                          0x08000e19   Thumb Code    28  stm32f1xx_hal_flash_ex.o(i.FLASH_PageErase)
    FLASH_WaitForLastOperation               0x08000eb5   Thumb Code    80  stm32f1xx_hal_flash.o(i.FLASH_WaitForLastOperation)
    HAL_Delay                                0x08000f7d   Thumb Code    32  stm32f1xx_hal.o(i.HAL_Delay)
    HAL_FLASHEx_Erase                        0x08000fa1   Thumb Code   160  stm32f1xx_hal_flash_ex.o(i.HAL_FLASHEx_Erase)
    HAL_FLASH_Lock                           0x08001049   Thumb Code    14  stm32f1xx_hal_flash.o(i.HAL_FLASH_Lock)
    HAL_FLASH_Program                        0x0800105d   Thumb Code   120  stm32f1xx_hal_flash.o(i.HAL_FLASH_Program)
    HAL_FLASH_Unlock                         0x080010dd   Thumb Code    28  stm32f1xx_hal_flash.o(i.HAL_FLASH_Unlock)
    HAL_GPIO_Init                            0x08001105   Thumb Code   446  stm32f1xx_hal_gpio.o(i.HAL_GPIO_Init)
    HAL_GPIO_ReadPin                         0x080012e5   Thumb Code    10  stm32f1xx_hal_gpio.o(i.HAL_GPIO_ReadPin)
    HAL_GPIO_TogglePin                       0x080012ef   Thumb Code    16  stm32f1xx_hal_gpio.o(i.HAL_GPIO_TogglePin)
    HAL_GPIO_WritePin                        0x080012ff   Thumb Code    10  stm32f1xx_hal_gpio.o(i.HAL_GPIO_WritePin)
    HAL_GetTick                              0x08001309   Thumb Code     6  stm32f1xx_hal.o(i.HAL_GetTick)
    HAL_I2C_Init                             0x08001315   Thumb Code   376  stm32f1xx_hal_i2c.o(i.HAL_I2C_Init)
    HAL_I2C_IsDeviceReady                    0x0800149d   Thumb Code   354  stm32f1xx_hal_i2c.o(i.HAL_I2C_IsDeviceReady)
    HAL_I2C_Master_Transmit                  0x08001609   Thumb Code   290  stm32f1xx_hal_i2c.o(i.HAL_I2C_Master_Transmit)
    HAL_I2C_MspInit                          0x08001735   Thumb Code    80  i2c.o(i.HAL_I2C_MspInit)
    HAL_IWDG_Init                            0x08001791   Thumb Code    94  stm32f1xx_hal_iwdg.o(i.HAL_IWDG_Init)
    HAL_IWDG_Refresh                         0x080017ef   Thumb Code    12  stm32f1xx_hal_iwdg.o(i.HAL_IWDG_Refresh)
    HAL_IncTick                              0x080017fd   Thumb Code    12  stm32f1xx_hal.o(i.HAL_IncTick)
    HAL_Init                                 0x0800180d   Thumb Code    32  stm32f1xx_hal.o(i.HAL_Init)
    HAL_InitTick                             0x08001831   Thumb Code    54  stm32f1xx_hal.o(i.HAL_InitTick)
    HAL_MspInit                              0x08001871   Thumb Code    62  stm32f1xx_hal_msp.o(i.HAL_MspInit)
    HAL_NVIC_SetPriority                     0x080018b9   Thumb Code    60  stm32f1xx_hal_cortex.o(i.HAL_NVIC_SetPriority)
    HAL_NVIC_SetPriorityGrouping             0x080018f9   Thumb Code    26  stm32f1xx_hal_cortex.o(i.HAL_NVIC_SetPriorityGrouping)
    HAL_RCC_ClockConfig                      0x0800191d   Thumb Code   280  stm32f1xx_hal_rcc.o(i.HAL_RCC_ClockConfig)
    HAL_RCC_GetPCLK1Freq                     0x08001a49   Thumb Code    20  stm32f1xx_hal_rcc.o(i.HAL_RCC_GetPCLK1Freq)
    HAL_RCC_GetPCLK2Freq                     0x08001a69   Thumb Code    20  stm32f1xx_hal_rcc.o(i.HAL_RCC_GetPCLK2Freq)
    HAL_RCC_GetSysClockFreq                  0x08001a89   Thumb Code    58  stm32f1xx_hal_rcc.o(i.HAL_RCC_GetSysClockFreq)
    HAL_RCC_OscConfig                        0x08001ad5   Thumb Code   778  stm32f1xx_hal_rcc.o(i.HAL_RCC_OscConfig)
    HAL_SYSTICK_Config                       0x08001df5   Thumb Code    40  stm32f1xx_hal_cortex.o(i.HAL_SYSTICK_Config)
    HAL_UART_Init                            0x08001e1d   Thumb Code   100  stm32f1xx_hal_uart.o(i.HAL_UART_Init)
    HAL_UART_MspInit                         0x08001e81   Thumb Code   156  usart.o(i.HAL_UART_MspInit)
    HAL_UART_Receive                         0x08001f2d   Thumb Code   176  stm32f1xx_hal_uart.o(i.HAL_UART_Receive)
    HAL_UART_Transmit                        0x08001fdd   Thumb Code   160  stm32f1xx_hal_uart.o(i.HAL_UART_Transmit)
    HardFault_Handler                        0x0800207d   Thumb Code     2  stm32f1xx_it.o(i.HardFault_Handler)
    MX_FREERTOS_Init                         0x08002379   Thumb Code   288  freertos.o(i.MX_FREERTOS_Init)
    MX_GPIO_Init                             0x080024a1   Thumb Code   132  gpio.o(i.MX_GPIO_Init)
    MX_I2C1_Init                             0x08002531   Thumb Code    50  i2c.o(i.MX_I2C1_Init)
    MX_IWDG_Init                             0x08002571   Thumb Code    36  iwdg.o(i.MX_IWDG_Init)
    MX_USART1_UART_Init                      0x0800259d   Thumb Code    48  usart.o(i.MX_USART1_UART_Init)
    MX_USART2_UART_Init                      0x080025d5   Thumb Code    48  usart.o(i.MX_USART2_UART_Init)
    MemManage_Handler                        0x0800260d   Thumb Code     2  stm32f1xx_it.o(i.MemManage_Handler)
    NMI_Handler                              0x0800260f   Thumb Code     4  stm32f1xx_it.o(i.NMI_Handler)
    OLED_CLS                                 0x08002613   Thumb Code     6  bsp_i2c_oled.o(i.OLED_CLS)
    OLED_CheckDevice                         0x08002619   Thumb Code    22  bsp_i2c_oled.o(i.OLED_CheckDevice)
    OLED_Fill                                0x08002635   Thumb Code    56  bsp_i2c_oled.o(i.OLED_Fill)
    OLED_Init                                0x0800266d   Thumb Code   292  bsp_i2c_oled.o(i.OLED_Init)
    OLED_SetPos                              0x08002799   Thumb Code    38  bsp_i2c_oled.o(i.OLED_SetPos)
    OLED_ShowChar                            0x080027c1   Thumb Code   116  bsp_i2c_oled.o(i.OLED_ShowChar)
    OLED_ShowString                          0x0800283d   Thumb Code    46  bsp_i2c_oled.o(i.OLED_ShowString)
    OLED_ShowString_F8X16                    0x0800286b   Thumb Code    14  bsp_i2c_oled.o(i.OLED_ShowString_F8X16)
    OLED_WriteBuffer                         0x08002879   Thumb Code    54  bsp_i2c_oled.o(i.OLED_WriteBuffer)
    OLED_WriteByte                           0x080028b9   Thumb Code    38  bsp_i2c_oled.o(i.OLED_WriteByte)
    StartEspTask                             0x08002941   Thumb Code   144  freertos.o(i.StartEspTask)
    StartKeyTask                             0x08002a55   Thumb Code   266  freertos.o(i.StartKeyTask)
    StartLEDTask                             0x08002bb5   Thumb Code   364  freertos.o(i.StartLEDTask)
    StartMonitorTask                         0x08002db1   Thumb Code   118  freertos.o(i.StartMonitorTask)
    StartSensorTask                          0x08002ea1   Thumb Code   342  freertos.o(i.StartSensorTask)
    StartUartTask                            0x08003001   Thumb Code   162  freertos.o(i.StartUartTask)
    StartWatchdogTask                        0x08003115   Thumb Code    84  freertos.o(i.StartWatchdogTask)
    StartWiFiTask                            0x08003175   Thumb Code   224  freertos.o(i.StartWiFiTask)
    SysTick_Handler                          0x0800334d   Thumb Code    24  stm32f1xx_it.o(i.SysTick_Handler)
    SystemClock_Config                       0x08003365   Thumb Code    94  main.o(i.SystemClock_Config)
    SystemInit                               0x080033c3   Thumb Code     2  system_stm32f1xx.o(i.SystemInit)
    UsageFault_Handler                       0x0800353f   Thumb Code     2  stm32f1xx_it.o(i.UsageFault_Handler)
    main                                     0x08003561   Thumb Code   140  main.o(i.main)
    osDelay                                  0x08003641   Thumb Code    14  cmsis_os.o(i.osDelay)
    osKernelStart                            0x0800364f   Thumb Code    10  cmsis_os.o(i.osKernelStart)
    osThreadCreate                           0x08003659   Thumb Code    84  cmsis_os.o(i.osThreadCreate)
    pvPortMalloc                             0x08003bc1   Thumb Code   214  heap_4.o(i.pvPortMalloc)
    pvTaskIncrementMutexHeldCount            0x08003ca1   Thumb Code    18  tasks.o(i.pvTaskIncrementMutexHeldCount)
    pxPortInitialiseStack                    0x08003cb9   Thumb Code    32  port.o(i.pxPortInitialiseStack)
    uxListRemove                             0x08003cdd   Thumb Code    38  list.o(i.uxListRemove)
    uxTaskResetEventItemValue                0x08003d05   Thumb Code    20  tasks.o(i.uxTaskResetEventItemValue)
    vApplicationGetIdleTaskMemory            0x08003d1d   Thumb Code    16  freertos.o(i.vApplicationGetIdleTaskMemory)
    vAssertCalled                            0x08003d31   Thumb Code    60  freertos.o(i.vAssertCalled)
    vListInitialise                          0x08003d79   Thumb Code    22  list.o(i.vListInitialise)
    vListInitialiseItem                      0x08003d8f   Thumb Code     6  list.o(i.vListInitialiseItem)
    vListInsert                              0x08003d95   Thumb Code    48  list.o(i.vListInsert)
    vListInsertEnd                           0x08003dc5   Thumb Code    24  list.o(i.vListInsertEnd)
    vPortEnterCritical                       0x08003ddd   Thumb Code    48  port.o(i.vPortEnterCritical)
    vPortExitCritical                        0x08003e19   Thumb Code    32  port.o(i.vPortExitCritical)
    vPortFree                                0x08003e41   Thumb Code    96  heap_4.o(i.vPortFree)
    vPortSetupTimerInterrupt                 0x08003ea9   Thumb Code    32  port.o(i.vPortSetupTimerInterrupt)
    vTaskDelay                               0x08003ecd   Thumb Code    60  tasks.o(i.vTaskDelay)
    vTaskInternalSetTimeOutState             0x08003f45   Thumb Code    12  tasks.o(i.vTaskInternalSetTimeOutState)
    vTaskMissedYield                         0x08003f55   Thumb Code     8  tasks.o(i.vTaskMissedYield)
    vTaskPlaceOnEventList                    0x08003f61   Thumb Code    42  tasks.o(i.vTaskPlaceOnEventList)
    vTaskPlaceOnUnorderedEventList           0x08003fc5   Thumb Code    68  tasks.o(i.vTaskPlaceOnUnorderedEventList)
    vTaskPriorityDisinheritAfterTimeout      0x08004041   Thumb Code   146  tasks.o(i.vTaskPriorityDisinheritAfterTimeout)
    vTaskRemoveFromUnorderedEventList        0x08004111   Thumb Code    98  tasks.o(i.vTaskRemoveFromUnorderedEventList)
    vTaskStartScheduler                      0x080041b1   Thumb Code    90  tasks.o(i.vTaskStartScheduler)
    vTaskSuspendAll                          0x0800421d   Thumb Code    10  tasks.o(i.vTaskSuspendAll)
    vTaskSwitchContext                       0x0800422d   Thumb Code    78  tasks.o(i.vTaskSwitchContext)
    xEventGroupClearBits                     0x080042b9   Thumb Code    52  event_groups.o(i.xEventGroupClearBits)
    xEventGroupCreate                        0x08004329   Thumb Code    28  event_groups.o(i.xEventGroupCreate)
    xEventGroupSetBits                       0x08004345   Thumb Code   128  event_groups.o(i.xEventGroupSetBits)
    xEventGroupWaitBits                      0x08004401   Thumb Code   234  event_groups.o(i.xEventGroupWaitBits)
    xPortStartScheduler                      0x0800452d   Thumb Code   148  port.o(i.xPortStartScheduler)
    xPortSysTickHandler                      0x080045d1   Thumb Code    38  port.o(i.xPortSysTickHandler)
    xQueueCreateMutex                        0x080045fd   Thumb Code    22  queue.o(i.xQueueCreateMutex)
    xQueueGenericCreate                      0x08004615   Thumb Code    60  queue.o(i.xQueueGenericCreate)
    xQueueGenericReset                       0x08004685   Thumb Code   128  queue.o(i.xQueueGenericReset)
    xQueueGenericSend                        0x0800473d   Thumb Code   322  queue.o(i.xQueueGenericSend)
    xQueueReceive                            0x080048b9   Thumb Code   288  queue.o(i.xQueueReceive)
    xQueueSemaphoreTake                      0x08004a11   Thumb Code   352  queue.o(i.xQueueSemaphoreTake)
    xTaskCheckForTimeOut                     0x08004ba9   Thumb Code   100  tasks.o(i.xTaskCheckForTimeOut)
    xTaskCreate                              0x08004c45   Thumb Code    90  tasks.o(i.xTaskCreate)
    xTaskCreateStatic                        0x08004ca1   Thumb Code   102  tasks.o(i.xTaskCreateStatic)
    xTaskGetSchedulerState                   0x08004d3d   Thumb Code    22  tasks.o(i.xTaskGetSchedulerState)
    xTaskIncrementTick                       0x08004d59   Thumb Code   188  tasks.o(i.xTaskIncrementTick)
    xTaskPriorityDisinherit                  0x08004e51   Thumb Code   132  tasks.o(i.xTaskPriorityDisinherit)
    xTaskPriorityInherit                     0x08004f11   Thumb Code   130  tasks.o(i.xTaskPriorityInherit)
    xTaskRemoveFromEventList                 0x08004f9d   Thumb Code   104  tasks.o(i.xTaskRemoveFromEventList)
    xTaskResumeAll                           0x08005041   Thumb Code   178  tasks.o(i.xTaskResumeAll)
    AHBPrescTable                            0x08005226   Data          16  system_stm32f1xx.o(.constdata)
    APBPrescTable                            0x08005236   Data           8  system_stm32f1xx.o(.constdata)
    ascii_code_6x8                           0x08005240   Data         570  bsp_fonts.o(.constdata)
    ascii_code_8x16                          0x0800547a   Data        1520  bsp_fonts.o(.constdata)
    Region$$Table$$Base                      0x08005b9c   Number         0  anon$$obj.o(Region$$Table)
    Region$$Table$$Limit                     0x08005bbc   Number         0  anon$$obj.o(Region$$Table)
    g_oled_ready                             0x20000000   Data           1  main.o(.data)
    g_setting_item                           0x20000004   Data           1  freertos.o(.data)
    g_config_changed                         0x20000005   Data           1  freertos.o(.data)
    g_sensor_msg_queue                       0x20000008   Data           4  freertos.o(.data)
    g_display_heartbeat                      0x2000000c   Data           4  freertos.o(.data)
    g_uart_heartbeat                         0x20000010   Data           4  freertos.o(.data)
    g_system_event_group                     0x20000014   Data           4  freertos.o(.data)
    g_uart_mutex                             0x20000018   Data           4  freertos.o(.data)
    g_oled_mutex                             0x2000001c   Data           4  freertos.o(.data)
    g_config_mutex                           0x20000020   Data           4  freertos.o(.data)
    watchdogTaskHandle                       0x20000024   Data           4  freertos.o(.data)
    monitorTaskHandle                        0x20000028   Data           4  freertos.o(.data)
    keyTaskHandle                            0x2000002c   Data           4  freertos.o(.data)
    espTaskHandle                            0x20000030   Data           4  freertos.o(.data)
    wifiTaskHandle                           0x20000034   Data           4  freertos.o(.data)
    ledTaskHandle                            0x20000038   Data           4  freertos.o(.data)
    uartTaskHandle                           0x2000003c   Data           4  freertos.o(.data)
    sensorTaskHandle                         0x20000040   Data           4  freertos.o(.data)
    uwTickFreq                               0x20000044   Data           1  stm32f1xx_hal.o(.data)
    uwTickPrio                               0x20000048   Data           4  stm32f1xx_hal.o(.data)
    uwTick                                   0x2000004c   Data           4  stm32f1xx_hal.o(.data)
    SystemCoreClock                          0x20000050   Data           4  system_stm32f1xx.o(.data)
    pxCurrentTCB                             0x20000058   Data           4  tasks.o(.data)
    g_app_config                             0x200000c0   Data          28  main.o(.bss)
    g_sensor_data                            0x200000dc   Data          20  freertos.o(.bss)
    hi2c1                                    0x200018e8   Data          84  i2c.o(.bss)
    hiwdg                                    0x2000193c   Data          12  iwdg.o(.bss)
    huart1                                   0x20001948   Data          72  usart.o(.bss)
    huart2                                   0x20001990   Data          72  usart.o(.bss)
    pFlash                                   0x200019d8   Data          32  stm32f1xx_hal_flash.o(.bss)
    __libspace_start                         0x200027e8   Data          96  libspace.o(.bss)
    __temporary_stack_top$libspace           0x20002848   Data           0  libspace.o(.bss)



==============================================================================

Memory Map of the image

  Image Entry point : 0x080000ed

  Load Region LR_IROM1 (Base: 0x08000000, Size: 0x00005c7c, Max: 0x00010000, ABSOLUTE)

    Execution Region ER_IROM1 (Exec base: 0x08000000, Load base: 0x08000000, Size: 0x00005bbc, Max: 0x00010000, ABSOLUTE)

    Exec Addr    Load Addr    Size         Type   Attr      Idx    E Section Name        Object

    0x08000000   0x08000000   0x000000ec   Data   RO            3    RESET               startup_stm32f103xb.o
    0x080000ec   0x080000ec   0x00000008   Code   RO         4169  * !!!main             c_w.l(__main.o)
    0x080000f4   0x080000f4   0x00000034   Code   RO         4362    !!!scatter          c_w.l(__scatter.o)
    0x08000128   0x08000128   0x0000001a   Code   RO         4364    !!handler_copy      c_w.l(__scatter_copy.o)
    0x08000142   0x08000142   0x00000002   PAD
    0x08000144   0x08000144   0x0000001c   Code   RO         4366    !!handler_zi        c_w.l(__scatter_zi.o)
    0x08000160   0x08000160   0x00000000   Code   RO         4150    .ARM.Collect$$_printf_percent$$00000000  c_w.l(_printf_percent.o)
    0x08000160   0x08000160   0x00000006   Code   RO         4148    .ARM.Collect$$_printf_percent$$00000009  c_w.l(_printf_d.o)
    0x08000166   0x08000166   0x00000006   Code   RO         4149    .ARM.Collect$$_printf_percent$$0000000A  c_w.l(_printf_u.o)
    0x0800016c   0x0800016c   0x00000006   Code   RO         4147    .ARM.Collect$$_printf_percent$$00000014  c_w.l(_printf_s.o)
    0x08000172   0x08000172   0x00000004   Code   RO         4198    .ARM.Collect$$_printf_percent$$00000017  c_w.l(_printf_percent_end.o)
    0x08000176   0x08000176   0x00000002   Code   RO         4230    .ARM.Collect$$libinit$$00000000  c_w.l(libinit.o)
    0x08000178   0x08000178   0x00000000   Code   RO         4237    .ARM.Collect$$libinit$$00000002  c_w.l(libinit2.o)
    0x08000178   0x08000178   0x00000000   Code   RO         4239    .ARM.Collect$$libinit$$00000004  c_w.l(libinit2.o)
    0x08000178   0x08000178   0x00000000   Code   RO         4242    .ARM.Collect$$libinit$$0000000A  c_w.l(libinit2.o)
    0x08000178   0x08000178   0x00000000   Code   RO         4244    .ARM.Collect$$libinit$$0000000C  c_w.l(libinit2.o)
    0x08000178   0x08000178   0x00000000   Code   RO         4246    .ARM.Collect$$libinit$$0000000E  c_w.l(libinit2.o)
    0x08000178   0x08000178   0x00000000   Code   RO         4249    .ARM.Collect$$libinit$$00000011  c_w.l(libinit2.o)
    0x08000178   0x08000178   0x00000000   Code   RO         4251    .ARM.Collect$$libinit$$00000013  c_w.l(libinit2.o)
    0x08000178   0x08000178   0x00000000   Code   RO         4253    .ARM.Collect$$libinit$$00000015  c_w.l(libinit2.o)
    0x08000178   0x08000178   0x00000000   Code   RO         4255    .ARM.Collect$$libinit$$00000017  c_w.l(libinit2.o)
    0x08000178   0x08000178   0x00000000   Code   RO         4257    .ARM.Collect$$libinit$$00000019  c_w.l(libinit2.o)
    0x08000178   0x08000178   0x00000000   Code   RO         4259    .ARM.Collect$$libinit$$0000001B  c_w.l(libinit2.o)
    0x08000178   0x08000178   0x00000000   Code   RO         4261    .ARM.Collect$$libinit$$0000001D  c_w.l(libinit2.o)
    0x08000178   0x08000178   0x00000000   Code   RO         4263    .ARM.Collect$$libinit$$0000001F  c_w.l(libinit2.o)
    0x08000178   0x08000178   0x00000000   Code   RO         4265    .ARM.Collect$$libinit$$00000021  c_w.l(libinit2.o)
    0x08000178   0x08000178   0x00000000   Code   RO         4267    .ARM.Collect$$libinit$$00000023  c_w.l(libinit2.o)
    0x08000178   0x08000178   0x00000000   Code   RO         4269    .ARM.Collect$$libinit$$00000025  c_w.l(libinit2.o)
    0x08000178   0x08000178   0x00000000   Code   RO         4273    .ARM.Collect$$libinit$$0000002C  c_w.l(libinit2.o)
    0x08000178   0x08000178   0x00000000   Code   RO         4275    .ARM.Collect$$libinit$$0000002E  c_w.l(libinit2.o)
    0x08000178   0x08000178   0x00000000   Code   RO         4277    .ARM.Collect$$libinit$$00000030  c_w.l(libinit2.o)
    0x08000178   0x08000178   0x00000000   Code   RO         4279    .ARM.Collect$$libinit$$00000032  c_w.l(libinit2.o)
    0x08000178   0x08000178   0x00000002   Code   RO         4280    .ARM.Collect$$libinit$$00000033  c_w.l(libinit2.o)
    0x0800017a   0x0800017a   0x00000002   Code   RO         4300    .ARM.Collect$$libshutdown$$00000000  c_w.l(libshutdown.o)
    0x0800017c   0x0800017c   0x00000000   Code   RO         4313    .ARM.Collect$$libshutdown$$00000002  c_w.l(libshutdown2.o)
    0x0800017c   0x0800017c   0x00000000   Code   RO         4315    .ARM.Collect$$libshutdown$$00000004  c_w.l(libshutdown2.o)
    0x0800017c   0x0800017c   0x00000000   Code   RO         4317    .ARM.Collect$$libshutdown$$00000006  c_w.l(libshutdown2.o)
    0x0800017c   0x0800017c   0x00000000   Code   RO         4320    .ARM.Collect$$libshutdown$$00000009  c_w.l(libshutdown2.o)
    0x0800017c   0x0800017c   0x00000000   Code   RO         4323    .ARM.Collect$$libshutdown$$0000000C  c_w.l(libshutdown2.o)
    0x0800017c   0x0800017c   0x00000000   Code   RO         4325    .ARM.Collect$$libshutdown$$0000000E  c_w.l(libshutdown2.o)
    0x0800017c   0x0800017c   0x00000000   Code   RO         4328    .ARM.Collect$$libshutdown$$00000011  c_w.l(libshutdown2.o)
    0x0800017c   0x0800017c   0x00000002   Code   RO         4329    .ARM.Collect$$libshutdown$$00000012  c_w.l(libshutdown2.o)
    0x0800017e   0x0800017e   0x00000000   Code   RO         4187    .ARM.Collect$$rtentry$$00000000  c_w.l(__rtentry.o)
    0x0800017e   0x0800017e   0x00000000   Code   RO         4205    .ARM.Collect$$rtentry$$00000002  c_w.l(__rtentry2.o)
    0x0800017e   0x0800017e   0x00000006   Code   RO         4217    .ARM.Collect$$rtentry$$00000004  c_w.l(__rtentry4.o)
    0x08000184   0x08000184   0x00000000   Code   RO         4207    .ARM.Collect$$rtentry$$00000009  c_w.l(__rtentry2.o)
    0x08000184   0x08000184   0x00000004   Code   RO         4208    .ARM.Collect$$rtentry$$0000000A  c_w.l(__rtentry2.o)
    0x08000188   0x08000188   0x00000000   Code   RO         4210    .ARM.Collect$$rtentry$$0000000C  c_w.l(__rtentry2.o)
    0x08000188   0x08000188   0x00000008   Code   RO         4211    .ARM.Collect$$rtentry$$0000000D  c_w.l(__rtentry2.o)
    0x08000190   0x08000190   0x00000002   Code   RO         4234    .ARM.Collect$$rtexit$$00000000  c_w.l(rtexit.o)
    0x08000192   0x08000192   0x00000000   Code   RO         4282    .ARM.Collect$$rtexit$$00000002  c_w.l(rtexit2.o)
    0x08000192   0x08000192   0x00000004   Code   RO         4283    .ARM.Collect$$rtexit$$00000003  c_w.l(rtexit2.o)
    0x08000196   0x08000196   0x00000006   Code   RO         4284    .ARM.Collect$$rtexit$$00000004  c_w.l(rtexit2.o)
    0x0800019c   0x0800019c   0x00000096   Code   RO         4031    .emb_text           port.o
    0x08000232   0x08000232   0x00000002   PAD
    0x08000234   0x08000234   0x00000040   Code   RO            4    .text               startup_stm32f103xb.o
    0x08000274   0x08000274   0x00000026   Code   RO         4111    .text               c_w.l(llushr.o)
    0x0800029a   0x0800029a   0x00000002   PAD
    0x0800029c   0x0800029c   0x0000002c   Code   RO         4113    .text               c_w.l(__2sprintf.o)
    0x080002c8   0x080002c8   0x00000038   Code   RO         4115    .text               c_w.l(__2snprintf.o)
    0x08000300   0x08000300   0x00000052   Code   RO         4123    .text               c_w.l(_printf_str.o)
    0x08000352   0x08000352   0x00000002   PAD
    0x08000354   0x08000354   0x00000078   Code   RO         4125    .text               c_w.l(_printf_dec.o)
    0x080003cc   0x080003cc   0x000000b8   Code   RO         4130    .text               c_w.l(__printf_ss.o)
    0x08000484   0x08000484   0x00000024   Code   RO         4151    .text               c_w.l(strstr.o)
    0x080004a8   0x080004a8   0x0000003e   Code   RO         4153    .text               c_w.l(strlen.o)
    0x080004e6   0x080004e6   0x0000008a   Code   RO         4155    .text               c_w.l(rt_memcpy_v6.o)
    0x08000570   0x08000570   0x00000064   Code   RO         4157    .text               c_w.l(rt_memcpy_w.o)
    0x080005d4   0x080005d4   0x00000010   Code   RO         4161    .text               c_w.l(aeabi_memset.o)
    0x080005e4   0x080005e4   0x00000044   Code   RO         4163    .text               c_w.l(rt_memclr.o)
    0x08000628   0x08000628   0x0000004e   Code   RO         4165    .text               c_w.l(rt_memclr_w.o)
    0x08000676   0x08000676   0x00000006   Code   RO         4167    .text               c_w.l(heapauxi.o)
    0x0800067c   0x0800067c   0x000000b2   Code   RO         4188    .text               c_w.l(_printf_intcommon.o)
    0x0800072e   0x0800072e   0x00000002   PAD
    0x08000730   0x08000730   0x00000030   Code   RO         4190    .text               c_w.l(_printf_char_common.o)
    0x08000760   0x08000760   0x0000000a   Code   RO         4192    .text               c_w.l(_sputc.o)
    0x0800076a   0x0800076a   0x00000010   Code   RO         4194    .text               c_w.l(_snputc.o)
    0x0800077a   0x0800077a   0x0000002c   Code   RO         4196    .text               c_w.l(_printf_char.o)
    0x080007a6   0x080007a6   0x0000004a   Code   RO         4221    .text               c_w.l(sys_stackheap_outer.o)
    0x080007f0   0x080007f0   0x00000012   Code   RO         4223    .text               c_w.l(exit.o)
    0x08000802   0x08000802   0x00000002   PAD
    0x08000804   0x08000804   0x00000008   Code   RO         4231    .text               c_w.l(libspace.o)
    0x0800080c   0x0800080c   0x0000000c   Code   RO         4292    .text               c_w.l(sys_exit.o)
    0x08000818   0x08000818   0x00000002   Code   RO         4303    .text               c_w.l(use_no_semi.o)
    0x0800081a   0x0800081a   0x00000000   Code   RO         4305    .text               c_w.l(indicate_semi.o)
    0x0800081a   0x0800081a   0x00000016   Code   RO         2733    i.AppConfig_CalcChecksum  bsp_flash_param.o
    0x08000830   0x08000830   0x00000048   Code   RO          237    i.AppConfig_GetSnapshot  freertos.o
    0x08000878   0x08000878   0x00000048   Code   RO         2734    i.AppConfig_Load    bsp_flash_param.o
    0x080008c0   0x080008c0   0x00000078   Code   RO         2735    i.AppConfig_Save    bsp_flash_param.o
    0x08000938   0x08000938   0x0000002c   Code   RO         2736    i.AppConfig_SetDefault  bsp_flash_param.o
    0x08000964   0x08000964   0x00000002   Code   RO          518    i.BusFault_Handler  stm32f1xx_it.o
    0x08000966   0x08000966   0x00000002   PAD
    0x08000968   0x08000968   0x00000048   Code   RO         2678    i.DHT11_GPIO_Config  bsp_dht11.o
    0x080009b0   0x080009b0   0x00000068   Code   RO         2680    i.DHT11_ReadByteChecked  bsp_dht11.o
    0x08000a18   0x08000a18   0x000000a4   Code   RO         2681    i.DHT11_ReadData    bsp_dht11.o
    0x08000abc   0x08000abc   0x00000020   Code   RO         2682    i.DHT11_SetGPIOMode  bsp_dht11.o
    0x08000adc   0x08000adc   0x00000034   Code   RO         2683    i.DHT11_WaitWhile   bsp_dht11.o
    0x08000b10   0x08000b10   0x0000001a   Code   RO         2619    i.DWT_DelayMs       bsp_dwt.o
    0x08000b2a   0x08000b2a   0x00000002   PAD
    0x08000b2c   0x08000b2c   0x00000048   Code   RO         2621    i.DWT_DelayUs       bsp_dwt.o
    0x08000b74   0x08000b74   0x00000048   Code   RO         2623    i.DWT_Init          bsp_dwt.o
    0x08000bbc   0x08000bbc   0x00000002   Code   RO          519    i.DebugMon_Handler  stm32f1xx_it.o
    0x08000bbe   0x08000bbe   0x00000002   PAD
    0x08000bc0   0x08000bc0   0x00000024   Code   RO         2778    i.ESP8266_BasicInit  bsp_esp8266.o
    0x08000be4   0x08000be4   0x00000070   Code   RO         2779    i.ESP8266_ConnectWiFi  bsp_esp8266.o
    0x08000c54   0x08000c54   0x00000088   Code   RO         2780    i.ESP8266_SendCmd   bsp_esp8266.o
    0x08000cdc   0x08000cdc   0x00000074   Code   RO         2781    i.ESP8266_TCPConnect  bsp_esp8266.o
    0x08000d50   0x08000d50   0x00000068   Code   RO         2782    i.ESP8266_TCPSend   bsp_esp8266.o
    0x08000db8   0x08000db8   0x0000003c   Code   RO           13    i.Error_Handler     main.o
    0x08000df4   0x08000df4   0x00000024   Code   RO         1466    i.FLASH_MassErase   stm32f1xx_hal_flash_ex.o
    0x08000e18   0x08000e18   0x00000024   Code   RO         1471    i.FLASH_PageErase   stm32f1xx_hal_flash_ex.o
    0x08000e3c   0x08000e3c   0x0000001c   Code   RO         1363    i.FLASH_Program_HalfWord  stm32f1xx_hal_flash.o
    0x08000e58   0x08000e58   0x0000005c   Code   RO         1364    i.FLASH_SetErrorCode  stm32f1xx_hal_flash.o
    0x08000eb4   0x08000eb4   0x00000054   Code   RO         1365    i.FLASH_WaitForLastOperation  stm32f1xx_hal_flash.o
    0x08000f08   0x08000f08   0x00000074   Code   RO          520    i.FaultBlinkLoop    stm32f1xx_it.o
    0x08000f7c   0x08000f7c   0x00000024   Code   RO          653    i.HAL_Delay         stm32f1xx_hal.o
    0x08000fa0   0x08000fa0   0x000000a8   Code   RO         1472    i.HAL_FLASHEx_Erase  stm32f1xx_hal_flash_ex.o
    0x08001048   0x08001048   0x00000014   Code   RO         1369    i.HAL_FLASH_Lock    stm32f1xx_hal_flash.o
    0x0800105c   0x0800105c   0x00000080   Code   RO         1374    i.HAL_FLASH_Program  stm32f1xx_hal_flash.o
    0x080010dc   0x080010dc   0x00000028   Code   RO         1376    i.HAL_FLASH_Unlock  stm32f1xx_hal_flash.o
    0x08001104   0x08001104   0x000001e0   Code   RO          963    i.HAL_GPIO_Init     stm32f1xx_hal_gpio.o
    0x080012e4   0x080012e4   0x0000000a   Code   RO          965    i.HAL_GPIO_ReadPin  stm32f1xx_hal_gpio.o
    0x080012ee   0x080012ee   0x00000010   Code   RO          966    i.HAL_GPIO_TogglePin  stm32f1xx_hal_gpio.o
    0x080012fe   0x080012fe   0x0000000a   Code   RO          967    i.HAL_GPIO_WritePin  stm32f1xx_hal_gpio.o
    0x08001308   0x08001308   0x0000000c   Code   RO          657    i.HAL_GetTick       stm32f1xx_hal.o
    0x08001314   0x08001314   0x00000188   Code   RO         1634    i.HAL_I2C_Init      stm32f1xx_hal_i2c.o
    0x0800149c   0x0800149c   0x0000016c   Code   RO         1635    i.HAL_I2C_IsDeviceReady  stm32f1xx_hal_i2c.o
    0x08001608   0x08001608   0x0000012c   Code   RO         1647    i.HAL_I2C_Master_Transmit  stm32f1xx_hal_i2c.o
    0x08001734   0x08001734   0x0000005c   Code   RO          399    i.HAL_I2C_MspInit   i2c.o
    0x08001790   0x08001790   0x0000005e   Code   RO         2060    i.HAL_IWDG_Init     stm32f1xx_hal_iwdg.o
    0x080017ee   0x080017ee   0x0000000c   Code   RO         2061    i.HAL_IWDG_Refresh  stm32f1xx_hal_iwdg.o
    0x080017fa   0x080017fa   0x00000002   PAD
    0x080017fc   0x080017fc   0x00000010   Code   RO          663    i.HAL_IncTick       stm32f1xx_hal.o
    0x0800180c   0x0800180c   0x00000024   Code   RO          664    i.HAL_Init          stm32f1xx_hal.o
    0x08001830   0x08001830   0x00000040   Code   RO          665    i.HAL_InitTick      stm32f1xx_hal.o
    0x08001870   0x08001870   0x00000048   Code   RO          586    i.HAL_MspInit       stm32f1xx_hal_msp.o
    0x080018b8   0x080018b8   0x00000040   Code   RO         1129    i.HAL_NVIC_SetPriority  stm32f1xx_hal_cortex.o
    0x080018f8   0x080018f8   0x00000024   Code   RO         1130    i.HAL_NVIC_SetPriorityGrouping  stm32f1xx_hal_cortex.o
    0x0800191c   0x0800191c   0x0000012c   Code   RO          821    i.HAL_RCC_ClockConfig  stm32f1xx_hal_rcc.o
    0x08001a48   0x08001a48   0x00000020   Code   RO          828    i.HAL_RCC_GetPCLK1Freq  stm32f1xx_hal_rcc.o
    0x08001a68   0x08001a68   0x00000020   Code   RO          829    i.HAL_RCC_GetPCLK2Freq  stm32f1xx_hal_rcc.o
    0x08001a88   0x08001a88   0x0000004c   Code   RO          830    i.HAL_RCC_GetSysClockFreq  stm32f1xx_hal_rcc.o
    0x08001ad4   0x08001ad4   0x00000320   Code   RO          833    i.HAL_RCC_OscConfig  stm32f1xx_hal_rcc.o
    0x08001df4   0x08001df4   0x00000028   Code   RO         1134    i.HAL_SYSTICK_Config  stm32f1xx_hal_cortex.o
    0x08001e1c   0x08001e1c   0x00000064   Code   RO         2120    i.HAL_UART_Init     stm32f1xx_hal_uart.o
    0x08001e80   0x08001e80   0x000000ac   Code   RO          471    i.HAL_UART_MspInit  usart.o
    0x08001f2c   0x08001f2c   0x000000b0   Code   RO         2123    i.HAL_UART_Receive  stm32f1xx_hal_uart.o
    0x08001fdc   0x08001fdc   0x000000a0   Code   RO         2128    i.HAL_UART_Transmit  stm32f1xx_hal_uart.o
    0x0800207c   0x0800207c   0x00000002   Code   RO          521    i.HardFault_Handler  stm32f1xx_it.o
    0x0800207e   0x0800207e   0x0000002e   Code   RO         1677    i.I2C_IsAcknowledgeFailed  stm32f1xx_hal_i2c.o
    0x080020ac   0x080020ac   0x0000009c   Code   RO         1681    i.I2C_MasterRequestWrite  stm32f1xx_hal_i2c.o
    0x08002148   0x08002148   0x00000056   Code   RO         1692    i.I2C_WaitOnBTFFlagUntilTimeout  stm32f1xx_hal_i2c.o
    0x0800219e   0x0800219e   0x00000002   PAD
    0x080021a0   0x080021a0   0x00000090   Code   RO         1693    i.I2C_WaitOnFlagUntilTimeout  stm32f1xx_hal_i2c.o
    0x08002230   0x08002230   0x000000bc   Code   RO         1694    i.I2C_WaitOnMasterAddressFlagUntilTimeout  stm32f1xx_hal_i2c.o
    0x080022ec   0x080022ec   0x00000056   Code   RO         1696    i.I2C_WaitOnTXEFlagUntilTimeout  stm32f1xx_hal_i2c.o
    0x08002342   0x08002342   0x00000036   Code   RO          238    i.Key_IsPressed     freertos.o
    0x08002378   0x08002378   0x00000128   Code   RO          239    i.MX_FREERTOS_Init  freertos.o
    0x080024a0   0x080024a0   0x00000090   Code   RO          213    i.MX_GPIO_Init      gpio.o
    0x08002530   0x08002530   0x00000040   Code   RO          400    i.MX_I2C1_Init      i2c.o
    0x08002570   0x08002570   0x0000002c   Code   RO          440    i.MX_IWDG_Init      iwdg.o
    0x0800259c   0x0800259c   0x00000038   Code   RO          472    i.MX_USART1_UART_Init  usart.o
    0x080025d4   0x080025d4   0x00000038   Code   RO          473    i.MX_USART2_UART_Init  usart.o
    0x0800260c   0x0800260c   0x00000002   Code   RO          522    i.MemManage_Handler  stm32f1xx_it.o
    0x0800260e   0x0800260e   0x00000004   Code   RO          523    i.NMI_Handler       stm32f1xx_it.o
    0x08002612   0x08002612   0x00000006   Code   RO         2491    i.OLED_CLS          bsp_i2c_oled.o
    0x08002618   0x08002618   0x0000001c   Code   RO         2492    i.OLED_CheckDevice  bsp_i2c_oled.o
    0x08002634   0x08002634   0x00000038   Code   RO         2493    i.OLED_Fill         bsp_i2c_oled.o
    0x0800266c   0x0800266c   0x0000012c   Code   RO         2495    i.OLED_Init         bsp_i2c_oled.o
    0x08002798   0x08002798   0x00000026   Code   RO         2496    i.OLED_SetPos       bsp_i2c_oled.o
    0x080027be   0x080027be   0x00000002   PAD
    0x080027c0   0x080027c0   0x0000007c   Code   RO         2497    i.OLED_ShowChar     bsp_i2c_oled.o
    0x0800283c   0x0800283c   0x0000002e   Code   RO         2500    i.OLED_ShowString   bsp_i2c_oled.o
    0x0800286a   0x0800286a   0x0000000e   Code   RO         2501    i.OLED_ShowString_F8X16  bsp_i2c_oled.o
    0x08002878   0x08002878   0x00000040   Code   RO         2502    i.OLED_WriteBuffer  bsp_i2c_oled.o
    0x080028b8   0x080028b8   0x00000030   Code   RO         2503    i.OLED_WriteByte    bsp_i2c_oled.o
    0x080028e8   0x080028e8   0x00000058   Code   RO          240    i.Serial_SendText   freertos.o
    0x08002940   0x08002940   0x00000114   Code   RO          241    i.StartEspTask      freertos.o
    0x08002a54   0x08002a54   0x00000160   Code   RO          242    i.StartKeyTask      freertos.o
    0x08002bb4   0x08002bb4   0x000001fc   Code   RO          243    i.StartLEDTask      freertos.o
    0x08002db0   0x08002db0   0x000000f0   Code   RO          244    i.StartMonitorTask  freertos.o
    0x08002ea0   0x08002ea0   0x00000160   Code   RO          245    i.StartSensorTask   freertos.o
    0x08003000   0x08003000   0x00000114   Code   RO          246    i.StartUartTask     freertos.o
    0x08003114   0x08003114   0x00000060   Code   RO          247    i.StartWatchdogTask  freertos.o
    0x08003174   0x08003174   0x000001d8   Code   RO          248    i.StartWiFiTask     freertos.o
    0x0800334c   0x0800334c   0x00000018   Code   RO          524    i.SysTick_Handler   stm32f1xx_it.o
    0x08003364   0x08003364   0x0000005e   Code   RO           14    i.SystemClock_Config  main.o
    0x080033c2   0x080033c2   0x00000002   Code   RO         2454    i.SystemInit        system_stm32f1xx.o
    0x080033c4   0x080033c4   0x0000004e   Code   RO         2143    i.UART_EndRxTransfer  stm32f1xx_hal_uart.o
    0x08003412   0x08003412   0x00000002   PAD
    0x08003414   0x08003414   0x000000b8   Code   RO         2146    i.UART_SetConfig    stm32f1xx_hal_uart.o
    0x080034cc   0x080034cc   0x00000072   Code   RO         2149    i.UART_WaitOnFlagUntilTimeout  stm32f1xx_hal_uart.o
    0x0800353e   0x0800353e   0x00000002   Code   RO          525    i.UsageFault_Handler  stm32f1xx_it.o
    0x08003540   0x08003540   0x00000020   Code   RO         1136    i.__NVIC_SetPriority  stm32f1xx_hal_cortex.o
    0x08003560   0x08003560   0x000000d4   Code   RO           15    i.main              main.o
    0x08003634   0x08003634   0x0000000c   Code   RO         3620    i.makeFreeRtosPriority  cmsis_os.o
    0x08003640   0x08003640   0x0000000e   Code   RO         3622    i.osDelay           cmsis_os.o
    0x0800364e   0x0800364e   0x0000000a   Code   RO         3625    i.osKernelStart     cmsis_os.o
    0x08003658   0x08003658   0x00000054   Code   RO         3659    i.osThreadCreate    cmsis_os.o
    0x080036ac   0x080036ac   0x00000070   Code   RO         3293    i.prvAddCurrentTaskToDelayedList  tasks.o
    0x0800371c   0x0800371c   0x000000d0   Code   RO         3294    i.prvAddNewTaskToReadyList  tasks.o
    0x080037ec   0x080037ec   0x00000026   Code   RO         2969    i.prvCopyDataFromQueue  queue.o
    0x08003812   0x08003812   0x0000006c   Code   RO         2970    i.prvCopyDataToQueue  queue.o
    0x0800387e   0x0800387e   0x00000002   PAD
    0x08003880   0x08003880   0x00000068   Code   RO         3295    i.prvDeleteTCB      tasks.o
    0x080038e8   0x080038e8   0x0000004c   Code   RO         3975    i.prvHeapInit       heap_4.o
    0x08003934   0x08003934   0x00000060   Code   RO         3296    i.prvIdleTask       tasks.o
    0x08003994   0x08003994   0x00000016   Code   RO         2971    i.prvInitialiseMutex  queue.o
    0x080039aa   0x080039aa   0x00000016   Code   RO         2972    i.prvInitialiseNewQueue  queue.o
    0x080039c0   0x080039c0   0x000000d0   Code   RO         3297    i.prvInitialiseNewTask  tasks.o
    0x08003a90   0x08003a90   0x0000004c   Code   RO         3976    i.prvInsertBlockIntoFreeList  heap_4.o
    0x08003adc   0x08003adc   0x0000001c   Code   RO         2973    i.prvIsQueueEmpty   queue.o
    0x08003af8   0x08003af8   0x00000020   Code   RO         3298    i.prvResetNextTaskUnblockTime  tasks.o
    0x08003b18   0x08003b18   0x00000028   Code   RO         4032    i.prvTaskExitError  port.o
    0x08003b40   0x08003b40   0x00000014   Code   RO         2834    i.prvTestWaitCondition  event_groups.o
    0x08003b54   0x08003b54   0x0000006a   Code   RO         2974    i.prvUnlockQueue    queue.o
    0x08003bbe   0x08003bbe   0x00000002   PAD
    0x08003bc0   0x08003bc0   0x000000e0   Code   RO         3977    i.pvPortMalloc      heap_4.o
    0x08003ca0   0x08003ca0   0x00000018   Code   RO         3300    i.pvTaskIncrementMutexHeldCount  tasks.o
    0x08003cb8   0x08003cb8   0x00000024   Code   RO         4033    i.pxPortInitialiseStack  port.o
    0x08003cdc   0x08003cdc   0x00000026   Code   RO         2929    i.uxListRemove      list.o
    0x08003d02   0x08003d02   0x00000002   PAD
    0x08003d04   0x08003d04   0x00000018   Code   RO         3306    i.uxTaskResetEventItemValue  tasks.o
    0x08003d1c   0x08003d1c   0x00000014   Code   RO          249    i.vApplicationGetIdleTaskMemory  freertos.o
    0x08003d30   0x08003d30   0x00000048   Code   RO          252    i.vAssertCalled     freertos.o
    0x08003d78   0x08003d78   0x00000016   Code   RO         2930    i.vListInitialise   list.o
    0x08003d8e   0x08003d8e   0x00000006   Code   RO         2931    i.vListInitialiseItem  list.o
    0x08003d94   0x08003d94   0x00000030   Code   RO         2932    i.vListInsert       list.o
    0x08003dc4   0x08003dc4   0x00000018   Code   RO         2933    i.vListInsertEnd    list.o
    0x08003ddc   0x08003ddc   0x0000003c   Code   RO         4035    i.vPortEnterCritical  port.o
    0x08003e18   0x08003e18   0x00000028   Code   RO         4036    i.vPortExitCritical  port.o
    0x08003e40   0x08003e40   0x00000068   Code   RO         3978    i.vPortFree         heap_4.o
    0x08003ea8   0x08003ea8   0x00000024   Code   RO         4037    i.vPortSetupTimerInterrupt  port.o
    0x08003ecc   0x08003ecc   0x00000078   Code   RO         3307    i.vTaskDelay        tasks.o
    0x08003f44   0x08003f44   0x00000010   Code   RO         3310    i.vTaskInternalSetTimeOutState  tasks.o
    0x08003f54   0x08003f54   0x0000000c   Code   RO         3311    i.vTaskMissedYield  tasks.o
    0x08003f60   0x08003f60   0x00000064   Code   RO         3313    i.vTaskPlaceOnEventList  tasks.o
    0x08003fc4   0x08003fc4   0x0000007c   Code   RO         3314    i.vTaskPlaceOnUnorderedEventList  tasks.o
    0x08004040   0x08004040   0x000000d0   Code   RO         3315    i.vTaskPriorityDisinheritAfterTimeout  tasks.o
    0x08004110   0x08004110   0x000000a0   Code   RO         3317    i.vTaskRemoveFromUnorderedEventList  tasks.o
    0x080041b0   0x080041b0   0x0000006c   Code   RO         3320    i.vTaskStartScheduler  tasks.o
    0x0800421c   0x0800421c   0x00000010   Code   RO         3322    i.vTaskSuspendAll   tasks.o
    0x0800422c   0x0800422c   0x0000008c   Code   RO         3323    i.vTaskSwitchContext  tasks.o
    0x080042b8   0x080042b8   0x00000070   Code   RO         2838    i.xEventGroupClearBits  event_groups.o
    0x08004328   0x08004328   0x0000001c   Code   RO         2839    i.xEventGroupCreate  event_groups.o
    0x08004344   0x08004344   0x000000bc   Code   RO         2842    i.xEventGroupSetBits  event_groups.o
    0x08004400   0x08004400   0x0000012c   Code   RO         2844    i.xEventGroupWaitBits  event_groups.o
    0x0800452c   0x0800452c   0x000000a4   Code   RO         4039    i.xPortStartScheduler  port.o
    0x080045d0   0x080045d0   0x0000002c   Code   RO         4040    i.xPortSysTickHandler  port.o
    0x080045fc   0x080045fc   0x00000016   Code   RO         2981    i.xQueueCreateMutex  queue.o
    0x08004612   0x08004612   0x00000002   PAD
    0x08004614   0x08004614   0x00000070   Code   RO         2983    i.xQueueGenericCreate  queue.o
    0x08004684   0x08004684   0x000000b8   Code   RO         2985    i.xQueueGenericReset  queue.o
    0x0800473c   0x0800473c   0x0000017c   Code   RO         2986    i.xQueueGenericSend  queue.o
    0x080048b8   0x080048b8   0x00000158   Code   RO         2993    i.xQueueReceive     queue.o
    0x08004a10   0x08004a10   0x00000198   Code   RO         2995    i.xQueueSemaphoreTake  queue.o
    0x08004ba8   0x08004ba8   0x0000009c   Code   RO         3325    i.xTaskCheckForTimeOut  tasks.o
    0x08004c44   0x08004c44   0x0000005a   Code   RO         3326    i.xTaskCreate       tasks.o
    0x08004c9e   0x08004c9e   0x00000002   PAD
    0x08004ca0   0x08004ca0   0x0000009c   Code   RO         3327    i.xTaskCreateStatic  tasks.o
    0x08004d3c   0x08004d3c   0x0000001c   Code   RO         3331    i.xTaskGetSchedulerState  tasks.o
    0x08004d58   0x08004d58   0x000000f8   Code   RO         3334    i.xTaskIncrementTick  tasks.o
    0x08004e50   0x08004e50   0x000000c0   Code   RO         3337    i.xTaskPriorityDisinherit  tasks.o
    0x08004f10   0x08004f10   0x0000008c   Code   RO         3338    i.xTaskPriorityInherit  tasks.o
    0x08004f9c   0x08004f9c   0x000000a4   Code   RO         3339    i.xTaskRemoveFromEventList  tasks.o
    0x08005040   0x08005040   0x000000f4   Code   RO         3340    i.xTaskResumeAll    tasks.o
    0x08005134   0x08005134   0x000000e0   Data   RO          264    .constdata          freertos.o
    0x08005214   0x08005214   0x00000012   Data   RO          834    .constdata          stm32f1xx_hal_rcc.o
    0x08005226   0x08005226   0x00000010   Data   RO         2455    .constdata          system_stm32f1xx.o
    0x08005236   0x08005236   0x00000008   Data   RO         2456    .constdata          system_stm32f1xx.o
    0x0800523e   0x0800523e   0x00000002   Data   RO         2504    .constdata          bsp_i2c_oled.o
    0x08005240   0x08005240   0x0000023a   Data   RO         2594    .constdata          bsp_fonts.o
    0x0800547a   0x0800547a   0x000005f0   Data   RO         2595    .constdata          bsp_fonts.o
    0x08005a6a   0x08005a6a   0x00000002   PAD
    0x08005a6c   0x08005a6c   0x000000a0   Data   RO          265    .conststring        freertos.o
    0x08005b0c   0x08005b0c   0x00000045   Data   RO         3984    .conststring        heap_4.o
    0x08005b51   0x08005b51   0x00000003   PAD
    0x08005b54   0x08005b54   0x00000048   Data   RO         4041    .conststring        port.o
    0x08005b9c   0x08005b9c   0x00000020   Data   RO         4360    Region$$Table       anon$$obj.o


    Execution Region RW_IRAM1 (Exec base: 0x20000000, Load base: 0x08005bbc, Size: 0x00002e48, Max: 0x00005000, ABSOLUTE)

    Exec Addr    Load Addr    Size         Type   Attr      Idx    E Section Name        Object

    0x20000000   0x08005bbc   0x00000001   Data   RW           17    .data               main.o
    0x20000001   0x08005bbd   0x00000003   PAD
    0x20000004   0x08005bc0   0x00000040   Data   RW          266    .data               freertos.o
    0x20000044   0x08005c00   0x0000000c   Data   RW          671    .data               stm32f1xx_hal.o
    0x20000050   0x08005c0c   0x00000004   Data   RW         2457    .data               system_stm32f1xx.o
    0x20000054   0x08005c10   0x00000001   Data   RW         2505    .data               bsp_i2c_oled.o
    0x20000055   0x08005c11   0x00000001   Data   RW         2625    .data               bsp_dwt.o
    0x20000056   0x08005c12   0x00000002   PAD
    0x20000058   0x08005c14   0x0000003c   Data   RW         3343    .data               tasks.o
    0x20000094   0x08005c50   0x00000020   Data   RW         3985    .data               heap_4.o
    0x200000b4   0x08005c70   0x0000000c   Data   RW         4042    .data               port.o
    0x200000c0        -       0x0000001c   Zero   RW           16    .bss                main.o
    0x200000dc        -       0x00000268   Zero   RW          253    .bss                freertos.o
    0x20000344        -       0x00000054   Zero   RW          254    .bss                freertos.o
    0x20000398        -       0x00000400   Zero   RW          255    .bss                freertos.o
    0x20000798        -       0x00000054   Zero   RW          256    .bss                freertos.o
    0x200007ec        -       0x00000400   Zero   RW          257    .bss                freertos.o
    0x20000bec        -       0x00000054   Zero   RW          258    .bss                freertos.o
    0x20000c40        -       0x00000400   Zero   RW          259    .bss                freertos.o
    0x20001040        -       0x00000054   Zero   RW          260    .bss                freertos.o
    0x20001094        -       0x00000400   Zero   RW          261    .bss                freertos.o
    0x20001494        -       0x00000054   Zero   RW          262    .bss                freertos.o
    0x200014e8        -       0x00000400   Zero   RW          263    .bss                freertos.o
    0x200018e8        -       0x00000054   Zero   RW          401    .bss                i2c.o
    0x2000193c        -       0x0000000c   Zero   RW          441    .bss                iwdg.o
    0x20001948        -       0x00000090   Zero   RW          474    .bss                usart.o
    0x200019d8        -       0x00000020   Zero   RW         1377    .bss                stm32f1xx_hal_flash.o
    0x200019f8        -       0x00000100   Zero   RW         2783    .bss                bsp_esp8266.o
    0x20001af8        -       0x000000f0   Zero   RW         3342    .bss                tasks.o
    0x20001be8        -       0x00000c00   Zero   RW         3983    .bss                heap_4.o
    0x200027e8        -       0x00000060   Zero   RW         4232    .bss                c_w.l(libspace.o)
    0x20002848        -       0x00000200   Zero   RW            2    HEAP                startup_stm32f103xb.o
    0x20002a48        -       0x00000400   Zero   RW            1    STACK               startup_stm32f103xb.o


==============================================================================

Image component sizes


      Code (inc. data)   RO Data    RW Data    ZI Data      Debug   Object Name

       424         26          0          0          0       4181   bsp_dht11.o
       170         34          0          1          0       2315   bsp_dwt.o
       504        176          0          0        256       4263   bsp_esp8266.o
       258         24          0          0          0       3914   bsp_flash_param.o
         0          0       2090          0          0        723   bsp_fonts.o
       724         42          2          1          0       7350   bsp_i2c_oled.o
       120          0          0          0          0       8373   cmsis_os.o
       648        186          0          0          0      26534   event_groups.o
      3174        908        384         64       6156      34281   freertos.o
       144         12          0          0          0        983   gpio.o
       480         32         69         32       3072       4427   heap_4.o
       156         26          0          0         84       1689   i2c.o
        44          8          0          0         12        735   iwdg.o
       138          0          0          0          0       3478   list.o
       366         84          0          1         28     429492   main.o
       570         70         72         12          0      10164   port.o
      1774        278          0          0          0      15245   queue.o
        64         26        236          0       1536        824   startup_stm32f103xb.o
       164         28          0         12          0       6017   stm32f1xx_hal.o
       172         14          0          0          0      28350   stm32f1xx_hal_cortex.o
       392         46          0          0         32       4842   stm32f1xx_hal_flash.o
       240         26          0          0          0       3301   stm32f1xx_hal_flash_ex.o
       516         34          0          0          0       4200   stm32f1xx_hal_gpio.o
      1762         42          0          0          0      10669   stm32f1xx_hal_i2c.o
       106          0          0          0          0       1903   stm32f1xx_hal_iwdg.o
        72         10          0          0          0        898   stm32f1xx_hal_msp.o
      1240         84         18          0          0       5208   stm32f1xx_hal_rcc.o
       812          6          0          0          0       5847   stm32f1xx_hal_uart.o
       154         16          0          0          0       4167   stm32f1xx_it.o
         0          0          0          0          0       9648   stream_buffer.o
         2          0         24          4          0       1163   system_stm32f1xx.o
      3230        924          0         60        240      42188   tasks.o
       284         32          0          0        144       2427   usart.o

    ----------------------------------------------------------------------
     18930       3194       2932        192      11560     689799   Object Totals
         0          0         32          0          0          0   (incl. Generated)
        26          0          5          5          0          0   (incl. Padding)

    ----------------------------------------------------------------------

      Code (inc. data)   RO Data    RW Data    ZI Data      Debug   Library Member Name

        56          6          0          0          0         88   __2snprintf.o
        44          6          0          0          0         84   __2sprintf.o
         8          0          0          0          0         68   __main.o
       184          0          0          0          0         84   __printf_ss.o
         0          0          0          0          0          0   __rtentry.o
        12          0          0          0          0          0   __rtentry2.o
         6          0          0          0          0          0   __rtentry4.o
        52          8          0          0          0          0   __scatter.o
        26          0          0          0          0          0   __scatter_copy.o
        28          0          0          0          0          0   __scatter_zi.o
        44          0          0          0          0        108   _printf_char.o
        48          6          0          0          0         96   _printf_char_common.o
         6          0          0          0          0          0   _printf_d.o
       120         16          0          0          0         92   _printf_dec.o
       178          0          0          0          0         88   _printf_intcommon.o
         0          0          0          0          0          0   _printf_percent.o
         4          0          0          0          0          0   _printf_percent_end.o
         6          0          0          0          0          0   _printf_s.o
        82          0          0          0          0         80   _printf_str.o
         6          0          0          0          0          0   _printf_u.o
        16          0          0          0          0         68   _snputc.o
        10          0          0          0          0         68   _sputc.o
        16          0          0          0          0         68   aeabi_memset.o
        18          0          0          0          0         80   exit.o
         6          0          0          0          0        152   heapauxi.o
         0          0          0          0          0          0   indicate_semi.o
         2          0          0          0          0          0   libinit.o
         2          0          0          0          0          0   libinit2.o
         2          0          0          0          0          0   libshutdown.o
         2          0          0          0          0          0   libshutdown2.o
         8          4          0          0         96         68   libspace.o
        38          0          0          0          0         68   llushr.o
        68          0          0          0          0         68   rt_memclr.o
        78          0          0          0          0         80   rt_memclr_w.o
       138          0          0          0          0         68   rt_memcpy_v6.o
       100          0          0          0          0         80   rt_memcpy_w.o
         2          0          0          0          0          0   rtexit.o
        10          0          0          0          0          0   rtexit2.o
        62          0          0          0          0         76   strlen.o
        36          0          0          0          0         80   strstr.o
        12          4          0          0          0         68   sys_exit.o
        74          0          0          0          0         80   sys_stackheap_outer.o
         2          0          0          0          0         68   use_no_semi.o

    ----------------------------------------------------------------------
      1622         50          0          0         96       2028   Library Totals
        10          0          0          0          0          0   (incl. Padding)

    ----------------------------------------------------------------------

      Code (inc. data)   RO Data    RW Data    ZI Data      Debug   Library Name

      1612         50          0          0         96       2028   c_w.l

    ----------------------------------------------------------------------
      1622         50          0          0         96       2028   Library Totals

    ----------------------------------------------------------------------

==============================================================================


      Code (inc. data)   RO Data    RW Data    ZI Data      Debug   

     20552       3244       2932        192      11656     682099   Grand Totals
     20552       3244       2932        192      11656     682099   ELF Image Totals
     20552       3244       2932        192          0          0   ROM Totals

==============================================================================

    Total RO  Size (Code + RO Data)                23484 (  22.93kB)
    Total RW  Size (RW Data + ZI Data)             11848 (  11.57kB)
    Total ROM Size (Code + RO Data + RW Data)      23676 (  23.12kB)

==============================================================================

